<html>
<body>
<pre>
<h1>µVision Build Log</h1>
<h2>Tool Versions:</h2>
IDE-Version: ¦ÌVision V5.40.0.0
Copyright (C) 2024 ARM Ltd and ARM Germany GmbH. All rights reserved.
License Information: 1 Chen Shi Quan, 1, LIC=X96CK-ZCWV6-01NP1-CWJDP-N40UH-UYS8M
 
Tool Versions:
Toolchain:       MDK-ARM Plus  Version: 5.40.0.3
Toolchain Path:  E:\k5\1\ARM\ARMCC\Bin
C Compiler:      Armcc.exe V5.06 update 6 (build 750)
Assembler:       Armasm.exe V5.06 update 6 (build 750)
Linker/Locator:  ArmLink.exe V5.06 update 6 (build 750)
Library Manager: ArmAr.exe V5.06 update 6 (build 750)
Hex Converter:   FromElf.exe V5.06 update 6 (build 750)
CPU DLL:         SARMCM3.DLL V5.40.0.3
Dialog DLL:      DCM.DLL V1.17.5.0
Target DLL:      STLink\ST-LINKIII-KEIL_SWO.dll V3.3.0.0
Dialog DLL:      TCM.DLL V1.56.4.0
 
<h2>Project:</h2>
E:\32combemx\×Ô¶¨Òå\30hz\MDK-ARM\_2t9.uvprojx
Project File Date:  10/05/2024

<h2>Output:</h2>
*** Using Compiler 'V5.06 update 6 (build 750)', folder: 'E:\k5\1\ARM\ARMCC\Bin'
Build target '_2t9'
Note: source file '../Core/Src/stm32f1xx_hal_msp.c' - object file renamed from '_2t9\stm32f1xx_hal_msp.o' to '_2t9\stm32f1xx_hal_msp_1.o'.
Note: source file '../Core/Src/stm32f1xx_hal_msp.c' - object file renamed from '_2t9\stm32f1xx_hal_msp.o' to '_2t9\stm32f1xx_hal_msp_1.o'.
linking...
_2t9\_2t9.axf: Warning: L6304W: Duplicate input file _2t9\stm32f1xx_hal_msp_1.o ignored.
Program Size: Code=13568 RO-data=1080 RW-data=140 ZI-data=1388  
Finished: 0 information, 1 warning and 0 error messages.
FromELF: creating hex file...
"_2t9\_2t9.axf" - 0 Error(s), 1 Warning(s).

<h2>Software Packages used:</h2>

Package Vendor: ARM
                https://www.keil.com/pack/ARM.CMSIS.6.1.0.pack
                ARM::CMSIS@6.1.0
                CMSIS (Common Microcontroller Software Interface Standard)
   * Component: CORE Version: 6.1.0

Package Vendor: Keil
                http://www.keil.com/pack/Keil.STM32F1xx_DFP.2.2.0.pack
                Keil::STM32F1xx_DFP@2.2.0
                STMicroelectronics STM32F1 Series Device Support, Drivers and Examples

<h2>Collection of Component include folders:</h2>
  ./RTE/__2t9
  E:/k5/2/ARM/CMSIS/6.1.0/CMSIS/Core/Include
  E:/k5/2/Keil/STM32F1xx_DFP/2.2.0/Device/Include

<h2>Collection of Component Files used:</h2>

   * Component: ARM::CMSIS:CORE@6.1.0
      Include file:  CMSIS/Core/Include/tz_context.h
Build Time Elapsed:  00:00:01
</pre>
</body>
</html>
