Component: ARM Compiler 5.06 update 6 (build 750) Tool: armlink [4d35ed]

==============================================================================

Section Cross References

    startup_stm32f103xb.o(RESET) refers to startup_stm32f103xb.o(STACK) for __initial_sp
    startup_stm32f103xb.o(RESET) refers to startup_stm32f103xb.o(.text) for Reset_Handler
    startup_stm32f103xb.o(RESET) refers to stm32f1xx_it.o(i.NMI_Handler) for NMI_Handler
    startup_stm32f103xb.o(RESET) refers to stm32f1xx_it.o(i.HardFault_Handler) for HardFault_Handler
    startup_stm32f103xb.o(RESET) refers to stm32f1xx_it.o(i.MemManage_Handler) for MemManage_Handler
    startup_stm32f103xb.o(RESET) refers to stm32f1xx_it.o(i.BusFault_Handler) for BusFault_Handler
    startup_stm32f103xb.o(RESET) refers to stm32f1xx_it.o(i.UsageFault_Handler) for UsageFault_Handler
    startup_stm32f103xb.o(RESET) refers to stm32f1xx_it.o(i.SVC_Handler) for SVC_Handler
    startup_stm32f103xb.o(RESET) refers to stm32f1xx_it.o(i.DebugMon_Handler) for DebugMon_Handler
    startup_stm32f103xb.o(RESET) refers to stm32f1xx_it.o(i.PendSV_Handler) for PendSV_Handler
    startup_stm32f103xb.o(RESET) refers to stm32f1xx_it.o(i.SysTick_Handler) for SysTick_Handler
    startup_stm32f103xb.o(RESET) refers to stm32f1xx_it.o(i.TIM2_IRQHandler) for TIM2_IRQHandler
    startup_stm32f103xb.o(RESET) refers to stm32f1xx_it.o(i.USART1_IRQHandler) for USART1_IRQHandler
    startup_stm32f103xb.o(.text) refers to system_stm32f1xx.o(i.SystemInit) for SystemInit
    startup_stm32f103xb.o(.text) refers to entry.o(.ARM.Collect$$$$00000000) for __main
    main.o(i.SystemClock_Config) refers to memseta.o(.text) for __aeabi_memclr4
    main.o(i.SystemClock_Config) refers to stm32f1xx_hal_rcc.o(i.HAL_RCC_OscConfig) for HAL_RCC_OscConfig
    main.o(i.SystemClock_Config) refers to stm32f1xx_hal_rcc.o(i.HAL_RCC_ClockConfig) for HAL_RCC_ClockConfig
    main.o(i.fputc) refers to stm32f1xx_hal_uart.o(i.HAL_UART_Transmit) for HAL_UART_Transmit
    main.o(i.fputc) refers to usart.o(.bss) for huart1
    main.o(i.main) refers to stm32f1xx_hal.o(i.HAL_Init) for HAL_Init
    main.o(i.main) refers to main.o(i.SystemClock_Config) for SystemClock_Config
    main.o(i.main) refers to gpio.o(i.MX_GPIO_Init) for MX_GPIO_Init
    main.o(i.main) refers to i2c.o(i.MX_I2C2_Init) for MX_I2C2_Init
    main.o(i.main) refers to usart.o(i.MX_USART1_UART_Init) for MX_USART1_UART_Init
    main.o(i.main) refers to i2c.o(i.MX_I2C1_Init) for MX_I2C1_Init
    main.o(i.main) refers to tim.o(i.MX_TIM2_Init) for MX_TIM2_Init
    main.o(i.main) refers to yaw_roll.o(i.init_angle_yaw_roll) for init_angle_yaw_roll
    gpio.o(i.MX_GPIO_Init) refers to stm32f1xx_hal_gpio.o(i.HAL_GPIO_WritePin) for HAL_GPIO_WritePin
    gpio.o(i.MX_GPIO_Init) refers to stm32f1xx_hal_gpio.o(i.HAL_GPIO_Init) for HAL_GPIO_Init
    i2c.o(i.HAL_I2C_MspDeInit) refers to stm32f1xx_hal_gpio.o(i.HAL_GPIO_DeInit) for HAL_GPIO_DeInit
    i2c.o(i.HAL_I2C_MspInit) refers to stm32f1xx_hal_gpio.o(i.HAL_GPIO_Init) for HAL_GPIO_Init
    i2c.o(i.MX_I2C1_Init) refers to stm32f1xx_hal_i2c.o(i.HAL_I2C_Init) for HAL_I2C_Init
    i2c.o(i.MX_I2C1_Init) refers to main.o(i.Error_Handler) for Error_Handler
    i2c.o(i.MX_I2C1_Init) refers to i2c.o(.bss) for .bss
    i2c.o(i.MX_I2C2_Init) refers to stm32f1xx_hal_i2c.o(i.HAL_I2C_Init) for HAL_I2C_Init
    i2c.o(i.MX_I2C2_Init) refers to main.o(i.Error_Handler) for Error_Handler
    i2c.o(i.MX_I2C2_Init) refers to i2c.o(.bss) for .bss
    tim.o(i.HAL_TIM_Base_MspDeInit) refers to stm32f1xx_hal_cortex.o(i.HAL_NVIC_DisableIRQ) for HAL_NVIC_DisableIRQ
    tim.o(i.HAL_TIM_Base_MspInit) refers to stm32f1xx_hal_cortex.o(i.HAL_NVIC_SetPriority) for HAL_NVIC_SetPriority
    tim.o(i.HAL_TIM_Base_MspInit) refers to stm32f1xx_hal_cortex.o(i.HAL_NVIC_EnableIRQ) for HAL_NVIC_EnableIRQ
    tim.o(i.MX_TIM2_Init) refers to stm32f1xx_hal_tim.o(i.HAL_TIM_Base_Init) for HAL_TIM_Base_Init
    tim.o(i.MX_TIM2_Init) refers to main.o(i.Error_Handler) for Error_Handler
    tim.o(i.MX_TIM2_Init) refers to stm32f1xx_hal_tim.o(i.HAL_TIM_ConfigClockSource) for HAL_TIM_ConfigClockSource
    tim.o(i.MX_TIM2_Init) refers to stm32f1xx_hal_tim_ex.o(i.HAL_TIMEx_MasterConfigSynchronization) for HAL_TIMEx_MasterConfigSynchronization
    tim.o(i.MX_TIM2_Init) refers to tim.o(.bss) for .bss
    usart.o(i.HAL_UART_MspDeInit) refers to stm32f1xx_hal_gpio.o(i.HAL_GPIO_DeInit) for HAL_GPIO_DeInit
    usart.o(i.HAL_UART_MspDeInit) refers to stm32f1xx_hal_cortex.o(i.HAL_NVIC_DisableIRQ) for HAL_NVIC_DisableIRQ
    usart.o(i.HAL_UART_MspInit) refers to stm32f1xx_hal_gpio.o(i.HAL_GPIO_Init) for HAL_GPIO_Init
    usart.o(i.HAL_UART_MspInit) refers to stm32f1xx_hal_cortex.o(i.HAL_NVIC_SetPriority) for HAL_NVIC_SetPriority
    usart.o(i.HAL_UART_MspInit) refers to stm32f1xx_hal_cortex.o(i.HAL_NVIC_EnableIRQ) for HAL_NVIC_EnableIRQ
    usart.o(i.MX_USART1_UART_Init) refers to stm32f1xx_hal_uart.o(i.HAL_UART_Init) for HAL_UART_Init
[...]
    Removing stm32f1xx_hal_tim_ex.o(i.HAL_TIMEx_OCN_Start_IT), (192 bytes).
    Removing stm32f1xx_hal_tim_ex.o(i.HAL_TIMEx_OCN_Stop), (104 bytes).
    Removing stm32f1xx_hal_tim_ex.o(i.HAL_TIMEx_OCN_Stop_DMA), (168 bytes).
    Removing stm32f1xx_hal_tim_ex.o(i.HAL_TIMEx_OCN_Stop_IT), (170 bytes).
    Removing stm32f1xx_hal_tim_ex.o(i.HAL_TIMEx_OnePulseN_Start), (100 bytes).
    Removing stm32f1xx_hal_tim_ex.o(i.HAL_TIMEx_OnePulseN_Start_IT), (120 bytes).
    Removing stm32f1xx_hal_tim_ex.o(i.HAL_TIMEx_OnePulseN_Stop), (98 bytes).
    Removing stm32f1xx_hal_tim_ex.o(i.HAL_TIMEx_OnePulseN_Stop_IT), (120 bytes).
    Removing stm32f1xx_hal_tim_ex.o(i.HAL_TIMEx_PWMN_Start), (152 bytes).
    Removing stm32f1xx_hal_tim_ex.o(i.HAL_TIMEx_PWMN_Start_DMA), (352 bytes).
    Removing stm32f1xx_hal_tim_ex.o(i.HAL_TIMEx_PWMN_Start_IT), (192 bytes).
    Removing stm32f1xx_hal_tim_ex.o(i.HAL_TIMEx_PWMN_Stop), (104 bytes).
    Removing stm32f1xx_hal_tim_ex.o(i.HAL_TIMEx_PWMN_Stop_DMA), (168 bytes).
    Removing stm32f1xx_hal_tim_ex.o(i.HAL_TIMEx_PWMN_Stop_IT), (170 bytes).
    Removing stm32f1xx_hal_tim_ex.o(i.HAL_TIMEx_RemapConfig), (4 bytes).
    Removing stm32f1xx_hal_tim_ex.o(i.TIMEx_DMACommutationCplt), (16 bytes).
    Removing stm32f1xx_hal_tim_ex.o(i.TIMEx_DMACommutationHalfCplt), (16 bytes).
    Removing stm32f1xx_hal_tim_ex.o(i.TIM_CCxNChannelCmd), (26 bytes).
    Removing stm32f1xx_hal_tim_ex.o(i.TIM_DMADelayPulseNCplt), (94 bytes).
    Removing stm32f1xx_hal_tim_ex.o(i.TIM_DMAErrorCCxN), (62 bytes).
    Removing stm32f1xx_hal_uart.o(.rev16_text), (4 bytes).
    Removing stm32f1xx_hal_uart.o(.revsh_text), (4 bytes).
    Removing stm32f1xx_hal_uart.o(.rrx_text), (6 bytes).
    Removing stm32f1xx_hal_uart.o(i.HAL_HalfDuplex_EnableReceiver), (50 bytes).
    Removing stm32f1xx_hal_uart.o(i.HAL_HalfDuplex_EnableTransmitter), (50 bytes).
    Removing stm32f1xx_hal_uart.o(i.HAL_HalfDuplex_Init), (110 bytes).
    Removing stm32f1xx_hal_uart.o(i.HAL_LIN_Init), (130 bytes).
    Removing stm32f1xx_hal_uart.o(i.HAL_LIN_SendBreak), (60 bytes).
    Removing stm32f1xx_hal_uart.o(i.HAL_MultiProcessor_EnterMuteMode), (62 bytes).
    Removing stm32f1xx_hal_uart.o(i.HAL_MultiProcessor_ExitMuteMode), (62 bytes).
    Removing stm32f1xx_hal_uart.o(i.HAL_MultiProcessor_Init), (144 bytes).
    Removing stm32f1xx_hal_uart.o(i.HAL_UARTEx_GetRxEventType), (4 bytes).
    Removing stm32f1xx_hal_uart.o(i.HAL_UARTEx_ReceiveToIdle), (240 bytes).
    Removing stm32f1xx_hal_uart.o(i.HAL_UARTEx_ReceiveToIdle_DMA), (78 bytes).
    Removing stm32f1xx_hal_uart.o(i.HAL_UARTEx_ReceiveToIdle_IT), (78 bytes).
    Removing stm32f1xx_hal_uart.o(i.HAL_UART_Abort), (210 bytes).
    Removing stm32f1xx_hal_uart.o(i.HAL_UART_AbortCpltCallback), (2 bytes).
    Removing stm32f1xx_hal_uart.o(i.HAL_UART_AbortReceive), (148 bytes).
    Removing stm32f1xx_hal_uart.o(i.HAL_UART_AbortReceiveCpltCallback), (2 bytes).
    Removing stm32f1xx_hal_uart.o(i.HAL_UART_AbortReceive_IT), (152 bytes).
    Removing stm32f1xx_hal_uart.o(i.HAL_UART_AbortTransmit), (98 bytes).
    Removing stm32f1xx_hal_uart.o(i.HAL_UART_AbortTransmitCpltCallback), (2 bytes).
    Removing stm32f1xx_hal_uart.o(i.HAL_UART_AbortTransmit_IT), (104 bytes).
    Removing stm32f1xx_hal_uart.o(i.HAL_UART_Abort_IT), (244 bytes).
    Removing stm32f1xx_hal_uart.o(i.HAL_UART_DMAPause), (120 bytes).
    Removing stm32f1xx_hal_uart.o(i.HAL_UART_DMAResume), (114 bytes).
    Removing stm32f1xx_hal_uart.o(i.HAL_UART_DMAStop), (112 bytes).
    Removing stm32f1xx_hal_uart.o(i.HAL_UART_DeInit), (54 bytes).
    Removing stm32f1xx_hal_uart.o(i.HAL_UART_GetError), (4 bytes).
    Removing stm32f1xx_hal_uart.o(i.HAL_UART_GetState), (10 bytes).
    Removing stm32f1xx_hal_uart.o(i.HAL_UART_MspDeInit), (2 bytes).
    Removing stm32f1xx_hal_uart.o(i.HAL_UART_MspInit), (2 bytes).
    Removing stm32f1xx_hal_uart.o(i.HAL_UART_Receive), (172 bytes).
    Removing stm32f1xx_hal_uart.o(i.HAL_UART_Receive_DMA), (28 bytes).
    Removing stm32f1xx_hal_uart.o(i.HAL_UART_Receive_IT), (28 bytes).
    Removing stm32f1xx_hal_uart.o(i.HAL_UART_RxHalfCpltCallback), (2 bytes).
    Removing stm32f1xx_hal_uart.o(i.HAL_UART_Transmit_DMA), (120 bytes).
    Removing stm32f1xx_hal_uart.o(i.HAL_UART_Transmit_IT), (50 bytes).
    Removing stm32f1xx_hal_uart.o(i.HAL_UART_TxHalfCpltCallback), (2 bytes).
    Removing stm32f1xx_hal_uart.o(i.UART_DMAError), (74 bytes).
    Removing stm32f1xx_hal_uart.o(i.UART_DMAReceiveCplt), (134 bytes).
    Removing stm32f1xx_hal_uart.o(i.UART_DMARxAbortCallback), (44 bytes).
    Removing stm32f1xx_hal_uart.o(i.UART_DMARxHalfCplt), (30 bytes).
    Removing stm32f1xx_hal_uart.o(i.UART_DMARxOnlyAbortCallback), (22 bytes).
    Removing stm32f1xx_hal_uart.o(i.UART_DMATransmitCplt), (66 bytes).
    Removing stm32f1xx_hal_uart.o(i.UART_DMATxAbortCallback), (44 bytes).
    Removing stm32f1xx_hal_uart.o(i.UART_DMATxHalfCplt), (10 bytes).
    Removing stm32f1xx_hal_uart.o(i.UART_DMATxOnlyAbortCallback), (20 bytes).
    Removing stm32f1xx_hal_uart.o(i.UART_EndTxTransfer), (28 bytes).
    Removing stm32f1xx_hal_uart.o(i.UART_Start_Receive_DMA), (144 bytes).
    Removing stm32f1xx_hal_uart.o(i.UART_Start_Receive_IT), (54 bytes).
    Removing system_stm32f1xx.o(.rev16_text), (4 bytes).
    Removing system_stm32f1xx.o(.revsh_text), (4 bytes).
    Removing system_stm32f1xx.o(.rrx_text), (6 bytes).
    Removing system_stm32f1xx.o(i.SystemCoreClockUpdate), (104 bytes).
    Removing bsp_as5600.o(.rev16_text), (4 bytes).
    Removing bsp_as5600.o(.revsh_text), (4 bytes).
    Removing bsp_as5600.o(.rrx_text), (6 bytes).
    Removing crc8_crc16.o(.rev16_text), (4 bytes).
    Removing crc8_crc16.o(.revsh_text), (4 bytes).
    Removing crc8_crc16.o(.rrx_text), (6 bytes).
    Removing crc8_crc16.o(i.verify_CRC16_check_sum), (60 bytes).
    Removing crc8_crc16.o(i.verify_CRC8_check_sum), (38 bytes).
    Removing crc8_crc16.o(.constdata), (1 bytes).
    Removing senddata.o(.rev16_text), (4 bytes).
    Removing senddata.o(.revsh_text), (4 bytes).
    Removing senddata.o(.rrx_text), (6 bytes).
    Removing bsp_as5601.o(.rev16_text), (4 bytes).
    Removing bsp_as5601.o(.revsh_text), (4 bytes).
    Removing bsp_as5601.o(.rrx_text), (6 bytes).
    Removing sys.o(.rev16_text), (4 bytes).
    Removing sys.o(.revsh_text), (4 bytes).
    Removing sys.o(.rrx_text), (6 bytes).
    Removing sys.o(i.INTX_DISABLE), (4 bytes).
    Removing sys.o(i.INTX_ENABLE), (4 bytes).
    Removing sys.o(i.MSR_MSP), (6 bytes).
    Removing sys.o(i.WFI_SET), (4 bytes).
    Removing delay.o(.rev16_text), (4 bytes).
    Removing delay.o(.revsh_text), (4 bytes).
    Removing delay.o(.rrx_text), (6 bytes).
    Removing delay.o(i.My_Delay_ms), (22 bytes).
    Removing delay.o(i.My_Delay_us_init), (12 bytes).
    Removing yaw_roll.o(.rev16_text), (4 bytes).
    Removing yaw_roll.o(.revsh_text), (4 bytes).
    Removing yaw_roll.o(.rrx_text), (6 bytes).
    Removing up_1.o(.rev16_text), (4 bytes).
    Removing up_1.o(.revsh_text), (4 bytes).
    Removing up_1.o(.rrx_text), (6 bytes).
    Removing down_1.o(.rev16_text), (4 bytes).
    Removing down_1.o(.revsh_text), (4 bytes).
    Removing down_1.o(.rrx_text), (6 bytes).
    Removing pitch_1.o(.rev16_text), (4 bytes).
    Removing pitch_1.o(.revsh_text), (4 bytes).
    Removing pitch_1.o(.rrx_text), (6 bytes).
    Removing pitch_1.o(i.IIC_Ack2), (108 bytes).

488 unused section(s) (total 38059 bytes) removed from the image.

==============================================================================

Image Symbol Table

    Local Symbols

    Symbol Name                              Value     Ov Type        Size  Object(Section)

    ../Core/Src/gpio.c                       0x00000000   Number         0  gpio.o ABSOLUTE
    ../Core/Src/i2c.c                        0x00000000   Number         0  i2c.o ABSOLUTE
    ../Core/Src/main.c                       0x00000000   Number         0  main.o ABSOLUTE
    ../Core/Src/stm32f1xx_hal_msp.c          0x00000000   Number         0  stm32f1xx_hal_msp_1.o ABSOLUTE
    ../Core/Src/stm32f1xx_it.c               0x00000000   Number         0  stm32f1xx_it.o ABSOLUTE
    ../Core/Src/system_stm32f1xx.c           0x00000000   Number         0  system_stm32f1xx.o ABSOLUTE
    ../Core/Src/tim.c                        0x00000000   Number         0  tim.o ABSOLUTE
    ../Core/Src/usart.c                      0x00000000   Number         0  usart.o ABSOLUTE
    ../Drivers/STM32F1xx_HAL_Driver/Src/stm32f1xx_hal.c 0x00000000   Number         0  stm32f1xx_hal.o ABSOLUTE
    ../Drivers/STM32F1xx_HAL_Driver/Src/stm32f1xx_hal_cortex.c 0x00000000   Number         0  stm32f1xx_hal_cortex.o ABSOLUTE
    ../Drivers/STM32F1xx_HAL_Driver/Src/stm32f1xx_hal_dma.c 0x00000000   Number         0  stm32f1xx_hal_dma.o ABSOLUTE
    ../Drivers/STM32F1xx_HAL_Driver/Src/stm32f1xx_hal_exti.c 0x00000000   Number         0  stm32f1xx_hal_exti.o ABSOLUTE
    ../Drivers/STM32F1xx_HAL_Driver/Src/stm32f1xx_hal_flash.c 0x00000000   Number         0  stm32f1xx_hal_flash.o ABSOLUTE
    ../Drivers/STM32F1xx_HAL_Driver/Src/stm32f1xx_hal_flash_ex.c 0x00000000   Number         0  stm32f1xx_hal_flash_ex.o ABSOLUTE
    ../Drivers/STM32F1xx_HAL_Driver/Src/stm32f1xx_hal_gpio.c 0x00000000   Number         0  stm32f1xx_hal_gpio.o ABSOLUTE
    ../Drivers/STM32F1xx_HAL_Driver/Src/stm32f1xx_hal_gpio_ex.c 0x00000000   Number         0  stm32f1xx_hal_gpio_ex.o ABSOLUTE
    ../Drivers/STM32F1xx_HAL_Driver/Src/stm32f1xx_hal_i2c.c 0x00000000   Number         0  stm32f1xx_hal_i2c.o ABSOLUTE
    ../Drivers/STM32F1xx_HAL_Driver/Src/stm32f1xx_hal_pwr.c 0x00000000   Number         0  stm32f1xx_hal_pwr.o ABSOLUTE
    ../Drivers/STM32F1xx_HAL_Driver/Src/stm32f1xx_hal_rcc.c 0x00000000   Number         0  stm32f1xx_hal_rcc.o ABSOLUTE
    ../Drivers/STM32F1xx_HAL_Driver/Src/stm32f1xx_hal_rcc_ex.c 0x00000000   Number         0  stm32f1xx_hal_rcc_ex.o ABSOLUTE
    ../Drivers/STM32F1xx_HAL_Driver/Src/stm32f1xx_hal_tim.c 0x00000000   Number         0  stm32f1xx_hal_tim.o ABSOLUTE
    ../Drivers/STM32F1xx_HAL_Driver/Src/stm32f1xx_hal_tim_ex.c 0x00000000   Number         0  stm32f1xx_hal_tim_ex.o ABSOLUTE
    ../Drivers/STM32F1xx_HAL_Driver/Src/stm32f1xx_hal_uart.c 0x00000000   Number         0  stm32f1xx_hal_uart.o ABSOLUTE
    ../clib/microlib/init/entry.s            0x00000000   Number         0  entry9a.o ABSOLUTE
    ../clib/microlib/init/entry.s            0x00000000   Number         0  entry11b.o ABSOLUTE
    ../clib/microlib/init/entry.s            0x00000000   Number         0  entry7a.o ABSOLUTE
    ../clib/microlib/init/entry.s            0x00000000   Number         0  entry.o ABSOLUTE
    ../clib/microlib/init/entry.s            0x00000000   Number         0  entry8b.o ABSOLUTE
    ../clib/microlib/init/entry.s            0x00000000   Number         0  entry8a.o ABSOLUTE
    ../clib/microlib/init/entry.s            0x00000000   Number         0  entry2.o ABSOLUTE
    ../clib/microlib/init/entry.s            0x00000000   Number         0  entry7b.o ABSOLUTE
    ../clib/microlib/init/entry.s            0x00000000   Number         0  entry5.o ABSOLUTE
    ../clib/microlib/init/entry.s            0x00000000   Number         0  entry10a.o ABSOLUTE
    ../clib/microlib/init/entry.s            0x00000000   Number         0  entry9b.o ABSOLUTE
    ../clib/microlib/init/entry.s            0x00000000   Number         0  entry10b.o ABSOLUTE
    ../clib/microlib/init/entry.s            0x00000000   Number         0  entry11a.o ABSOLUTE
    ../clib/microlib/longlong.c              0x00000000   Number         0  llsshr.o ABSOLUTE
    ../clib/microlib/longlong.c              0x00000000   Number         0  llshl.o ABSOLUTE
    ../clib/microlib/longlong.c              0x00000000   Number         0  llushr.o ABSOLUTE
    ../clib/microlib/string/memset.c         0x00000000   Number         0  memseta.o ABSOLUTE
    ../clib/microlib/stubs.s                 0x00000000   Number         0  iusefp.o ABSOLUTE
    ../fplib/microlib/d2f.c                  0x00000000   Number         0  d2f.o ABSOLUTE
    ../fplib/microlib/f2d.c                  0x00000000   Number         0  f2d.o ABSOLUTE
    ../fplib/microlib/fpadd.c                0x00000000   Number         0  dadd.o ABSOLUTE
    ../fplib/microlib/fpadd.c                0x00000000   Number         0  fadd.o ABSOLUTE
    ../fplib/microlib/fpdiv.c                0x00000000   Number         0  ddiv.o ABSOLUTE
    ../fplib/microlib/fpdiv.c                0x00000000   Number         0  fdiv.o ABSOLUTE
    ../fplib/microlib/fpepilogue.c           0x00000000   Number         0  depilogue.o ABSOLUTE
    ../fplib/microlib/fpepilogue.c           0x00000000   Number         0  fepilogue.o ABSOLUTE
    ../fplib/microlib/fpflt.c                0x00000000   Number         0  fflti.o ABSOLUTE
    ../fplib/microlib/fpflt.c                0x00000000   Number         0  ffltui.o ABSOLUTE
    ../fplib/microlib/fpmul.c                0x00000000   Number         0  dmul.o ABSOLUTE
    ../fplib/microlib/fpmul.c                0x00000000   Number         0  fmul.o ABSOLUTE
    ../fplib/microlib/fpscalb.c              0x00000000   Number         0  dscalb.o ABSOLUTE
    ../fplib/microlib/fpscalb.c              0x00000000   Number         0  fscalb.o ABSOLUTE
    ..\Core\Src\gpio.c                       0x00000000   Number         0  gpio.o ABSOLUTE
    ..\Core\Src\i2c.c                        0x00000000   Number         0  i2c.o ABSOLUTE
    ..\Core\Src\main.c                       0x00000000   Number         0  main.o ABSOLUTE
    ..\Core\Src\stm32f1xx_hal_msp.c          0x00000000   Number         0  stm32f1xx_hal_msp_1.o ABSOLUTE
    ..\Core\Src\stm32f1xx_it.c               0x00000000   Number         0  stm32f1xx_it.o ABSOLUTE
    ..\Core\Src\system_stm32f1xx.c           0x00000000   Number         0  system_stm32f1xx.o ABSOLUTE
    ..\Core\Src\tim.c                        0x00000000   Number         0  tim.o ABSOLUTE
    ..\Core\Src\usart.c                      0x00000000   Number         0  usart.o ABSOLUTE
    ..\Drivers\STM32F1xx_HAL_Driver\Src\stm32f1xx_hal.c 0x00000000   Number         0  stm32f1xx_hal.o ABSOLUTE
    ..\Drivers\STM32F1xx_HAL_Driver\Src\stm32f1xx_hal_cortex.c 0x00000000   Number         0  stm32f1xx_hal_cortex.o ABSOLUTE
    ..\Drivers\STM32F1xx_HAL_Driver\Src\stm32f1xx_hal_dma.c 0x00000000   Number         0  stm32f1xx_hal_dma.o ABSOLUTE
    ..\Drivers\STM32F1xx_HAL_Driver\Src\stm32f1xx_hal_exti.c 0x00000000   Number         0  stm32f1xx_hal_exti.o ABSOLUTE
    ..\Drivers\STM32F1xx_HAL_Driver\Src\stm32f1xx_hal_flash.c 0x00000000   Number         0  stm32f1xx_hal_flash.o ABSOLUTE
    ..\Drivers\STM32F1xx_HAL_Driver\Src\stm32f1xx_hal_flash_ex.c 0x00000000   Number         0  stm32f1xx_hal_flash_ex.o ABSOLUTE
    ..\Drivers\STM32F1xx_HAL_Driver\Src\stm32f1xx_hal_gpio.c 0x00000000   Number         0  stm32f1xx_hal_gpio.o ABSOLUTE
    ..\Drivers\STM32F1xx_HAL_Driver\Src\stm32f1xx_hal_gpio_ex.c 0x00000000   Number         0  stm32f1xx_hal_gpio_ex.o ABSOLUTE
    ..\Drivers\STM32F1xx_HAL_Driver\Src\stm32f1xx_hal_i2c.c 0x00000000   Number         0  stm32f1xx_hal_i2c.o ABSOLUTE
    ..\Drivers\STM32F1xx_HAL_Driver\Src\stm32f1xx_hal_pwr.c 0x00000000   Number         0  stm32f1xx_hal_pwr.o ABSOLUTE
    ..\Drivers\STM32F1xx_HAL_Driver\Src\stm32f1xx_hal_rcc.c 0x00000000   Number         0  stm32f1xx_hal_rcc.o ABSOLUTE
    ..\Drivers\STM32F1xx_HAL_Driver\Src\stm32f1xx_hal_rcc_ex.c 0x00000000   Number         0  stm32f1xx_hal_rcc_ex.o ABSOLUTE
    ..\Drivers\STM32F1xx_HAL_Driver\Src\stm32f1xx_hal_tim.c 0x00000000   Number         0  stm32f1xx_hal_tim.o ABSOLUTE
    ..\Drivers\STM32F1xx_HAL_Driver\Src\stm32f1xx_hal_tim_ex.c 0x00000000   Number         0  stm32f1xx_hal_tim_ex.o ABSOLUTE
    ..\Drivers\STM32F1xx_HAL_Driver\Src\stm32f1xx_hal_uart.c 0x00000000   Number         0  stm32f1xx_hal_uart.o ABSOLUTE
    ..\\user\\CRC\\CRC8_CRC16.c              0x00000000   Number         0  crc8_crc16.o ABSOLUTE
    ..\\user\\bsp_as5600.c                   0x00000000   Number         0  bsp_as5600.o ABSOLUTE
    ..\\user\\bsp_as5601.c                   0x00000000   Number         0  bsp_as5601.o ABSOLUTE
    ..\\user\\delay.c                        0x00000000   Number         0  delay.o ABSOLUTE
    ..\\user\\down_1.c                       0x00000000   Number         0  down_1.o ABSOLUTE
    ..\\user\\pitch_1.c                      0x00000000   Number         0  pitch_1.o ABSOLUTE
    ..\\user\\senddata.c                     0x00000000   Number         0  senddata.o ABSOLUTE
    ..\\user\\sys.c                          0x00000000   Number         0  sys.o ABSOLUTE
    ..\\user\\up_1.c                         0x00000000   Number         0  up_1.o ABSOLUTE
    ..\\user\\yaw_roll.c                     0x00000000   Number         0  yaw_roll.o ABSOLUTE
    ..\user\CRC\CRC8_CRC16.c                 0x00000000   Number         0  crc8_crc16.o ABSOLUTE
    ..\user\bsp_as5600.c                     0x00000000   Number         0  bsp_as5600.o ABSOLUTE
    ..\user\bsp_as5601.c                     0x00000000   Number         0  bsp_as5601.o ABSOLUTE
    ..\user\delay.c                          0x00000000   Number         0  delay.o ABSOLUTE
    ..\user\down_1.c                         0x00000000   Number         0  down_1.o ABSOLUTE
    ..\user\pitch_1.c                        0x00000000   Number         0  pitch_1.o ABSOLUTE
    ..\user\senddata.c                       0x00000000   Number         0  senddata.o ABSOLUTE
    ..\user\sys.c                            0x00000000   Number         0  sys.o ABSOLUTE
    ..\user\up_1.c                           0x00000000   Number         0  up_1.o ABSOLUTE
    ..\user\yaw_roll.c                       0x00000000   Number         0  yaw_roll.o ABSOLUTE
    dc.s                                     0x00000000   Number         0  dc.o ABSOLUTE
    handlers.s                               0x00000000   Number         0  handlers.o ABSOLUTE
    init.s                                   0x00000000   Number         0  init.o ABSOLUTE
    startup_stm32f103xb.s                    0x00000000   Number         0  startup_stm32f103xb.o ABSOLUTE
    RESET                                    0x08000000   Section      236  startup_stm32f103xb.o(RESET)
    .ARM.Collect$$$$00000000                 0x080000ec   Section        0  entry.o(.ARM.Collect$$$$00000000)
    .ARM.Collect$$$$00000001                 0x080000ec   Section        4  entry2.o(.ARM.Collect$$$$00000001)
    .ARM.Collect$$$$00000004                 0x080000f0   Section        4  entry5.o(.ARM.Collect$$$$00000004)
    .ARM.Collect$$$$00000008                 0x080000f4   Section        0  entry7b.o(.ARM.Collect$$$$00000008)
    .ARM.Collect$$$$0000000A                 0x080000f4   Section        0  entry8b.o(.ARM.Collect$$$$0000000A)
    .ARM.Collect$$$$0000000B                 0x080000f4   Section        8  entry9a.o(.ARM.Collect$$$$0000000B)
    .ARM.Collect$$$$0000000D                 0x080000fc   Section        0  entry10a.o(.ARM.Collect$$$$0000000D)
    .ARM.Collect$$$$0000000F                 0x080000fc   Section        0  entry11a.o(.ARM.Collect$$$$0000000F)
    .ARM.Collect$$$$00002712                 0x080000fc   Section        4  entry2.o(.ARM.Collect$$$$00002712)
    __lit__00000000                          0x080000fc   Data           4  entry2.o(.ARM.Collect$$$$00002712)
    .text                                    0x08000100   Section       36  startup_stm32f103xb.o(.text)
    .text                                    0x08000124   Section        0  llushr.o(.text)
    .text                                    0x08000144   Section        0  memseta.o(.text)
    .text                                    0x08000168   Section        0  fadd.o(.text)
    .text                                    0x08000218   Section        0  fmul.o(.text)
    .text                                    0x0800027c   Section        0  fdiv.o(.text)
    .text                                    0x080002f8   Section        0  fscalb.o(.text)
    .text                                    0x08000310   Section        0  dadd.o(.text)
    .text                                    0x0800045e   Section        0  dmul.o(.text)
    .text                                    0x08000542   Section        0  ddiv.o(.text)
    .text                                    0x08000620   Section        0  dscalb.o(.text)
    .text                                    0x0800064e   Section        0  fflti.o(.text)
    .text                                    0x08000660   Section        0  ffltui.o(.text)
    .text                                    0x0800066a   Section        0  f2d.o(.text)
    .text                                    0x08000690   Section        0  d2f.o(.text)
    .text                                    0x080006c8   Section        0  llshl.o(.text)
    .text                                    0x080006e6   Section        0  llsshr.o(.text)
    .text                                    0x0800070a   Section        0  fepilogue.o(.text)
    .text                                    0x0800070a   Section        0  iusefp.o(.text)
    .text                                    0x08000778   Section        0  depilogue.o(.text)
    .text                                    0x08000834   Section       36  init.o(.text)
    i.AS5600_ReadOneByte                     0x08000858   Section        0  up_1.o(i.AS5600_ReadOneByte)
    AS5600_ReadOneByte                       0x08000859   Thumb Code   116  up_1.o(i.AS5600_ReadOneByte)
    i.AS5600_ReadOneByte1                    0x080008d0   Section        0  down_1.o(i.AS5600_ReadOneByte1)
    AS5600_ReadOneByte1                      0x080008d1   Thumb Code   126  down_1.o(i.AS5600_ReadOneByte1)
    i.AS5600_ReadOneByte2                    0x08000954   Section        0  pitch_1.o(i.AS5600_ReadOneByte2)
    i.AS5600_ReadTwoByte2                    0x0800098c   Section        0  pitch_1.o(i.AS5600_ReadTwoByte2)
    i.BusFault_Handler                       0x080009a2   Section        0  stm32f1xx_it.o(i.BusFault_Handler)
    i.DebugMon_Handler                       0x080009a4   Section        0  stm32f1xx_it.o(i.DebugMon_Handler)
    i.Error_Handler                          0x080009a6   Section        0  main.o(i.Error_Handler)
    i.Float_HEX                              0x080009aa   Section        0  senddata.o(i.Float_HEX)
    i.HAL_DMA_Abort                          0x080009b8   Section        0  stm32f1xx_hal_dma.o(i.HAL_DMA_Abort)
    i.HAL_DMA_Abort_IT                       0x08000a00   Section        0  stm32f1xx_hal_dma.o(i.HAL_DMA_Abort_IT)
    i.HAL_GPIO_Init                          0x08000a98   Section        0  stm32f1xx_hal_gpio.o(i.HAL_GPIO_Init)
    i.HAL_GPIO_ReadPin                       0x08000c78   Section        0  stm32f1xx_hal_gpio.o(i.HAL_GPIO_ReadPin)
    i.HAL_GPIO_WritePin                      0x08000c82   Section        0  stm32f1xx_hal_gpio.o(i.HAL_GPIO_WritePin)
    i.HAL_GetTick                            0x08000c8c   Section        0  stm32f1xx_hal.o(i.HAL_GetTick)
    i.HAL_I2C_Init                           0x08000c98   Section        0  stm32f1xx_hal_i2c.o(i.HAL_I2C_Init)
    i.HAL_I2C_Master_Receive                 0x08000e20   Section        0  stm32f1xx_hal_i2c.o(i.HAL_I2C_Master_Receive)
    i.HAL_I2C_Master_Transmit                0x08001070   Section        0  stm32f1xx_hal_i2c.o(i.HAL_I2C_Master_Transmit)
    i.HAL_I2C_MspInit                        0x0800119c   Section        0  i2c.o(i.HAL_I2C_MspInit)
    i.HAL_IncTick                            0x08001234   Section        0  stm32f1xx_hal.o(i.HAL_IncTick)
    i.HAL_Init                               0x08001244   Section        0  stm32f1xx_hal.o(i.HAL_Init)
    i.HAL_InitTick                           0x08001268   Section        0  stm32f1xx_hal.o(i.HAL_InitTick)
    i.HAL_MspInit                            0x080012a8   Section        0  stm32f1xx_hal_msp_1.o(i.HAL_MspInit)
    i.HAL_NVIC_EnableIRQ                     0x080012e4   Section        0  stm32f1xx_hal_cortex.o(i.HAL_NVIC_EnableIRQ)
    i.HAL_NVIC_SetPriority                   0x08001300   Section        0  stm32f1xx_hal_cortex.o(i.HAL_NVIC_SetPriority)
    i.HAL_NVIC_SetPriorityGrouping           0x08001340   Section        0  stm32f1xx_hal_cortex.o(i.HAL_NVIC_SetPriorityGrouping)
    i.HAL_RCC_ClockConfig                    0x08001364   Section        0  stm32f1xx_hal_rcc.o(i.HAL_RCC_ClockConfig)
    i.HAL_RCC_GetPCLK1Freq                   0x08001490   Section        0  stm32f1xx_hal_rcc.o(i.HAL_RCC_GetPCLK1Freq)
    i.HAL_RCC_GetPCLK2Freq                   0x080014b0   Section        0  stm32f1xx_hal_rcc.o(i.HAL_RCC_GetPCLK2Freq)
    i.HAL_RCC_GetSysClockFreq                0x080014d0   Section        0  stm32f1xx_hal_rcc.o(i.HAL_RCC_GetSysClockFreq)
    i.HAL_RCC_OscConfig                      0x0800151c   Section        0  stm32f1xx_hal_rcc.o(i.HAL_RCC_OscConfig)
    i.HAL_SYSTICK_Config                     0x0800183c   Section        0  stm32f1xx_hal_cortex.o(i.HAL_SYSTICK_Config)
    i.HAL_TIMEx_BreakCallback                0x08001864   Section        0  stm32f1xx_hal_tim_ex.o(i.HAL_TIMEx_BreakCallback)
    i.HAL_TIMEx_CommutCallback               0x08001866   Section        0  stm32f1xx_hal_tim_ex.o(i.HAL_TIMEx_CommutCallback)
    i.HAL_TIMEx_MasterConfigSynchronization  0x08001868   Section        0  stm32f1xx_hal_tim_ex.o(i.HAL_TIMEx_MasterConfigSynchronization)
    i.HAL_TIM_Base_Init                      0x080018d0   Section        0  stm32f1xx_hal_tim.o(i.HAL_TIM_Base_Init)
    i.HAL_TIM_Base_MspInit                   0x0800192c   Section        0  tim.o(i.HAL_TIM_Base_MspInit)
    i.HAL_TIM_ConfigClockSource              0x08001964   Section        0  stm32f1xx_hal_tim.o(i.HAL_TIM_ConfigClockSource)
    i.HAL_TIM_IC_CaptureCallback             0x08001a40   Section        0  stm32f1xx_hal_tim.o(i.HAL_TIM_IC_CaptureCallback)
    i.HAL_TIM_IRQHandler                     0x08001a42   Section        0  stm32f1xx_hal_tim.o(i.HAL_TIM_IRQHandler)
    i.HAL_TIM_OC_DelayElapsedCallback        0x08001ba8   Section        0  stm32f1xx_hal_tim.o(i.HAL_TIM_OC_DelayElapsedCallback)
    i.HAL_TIM_PWM_PulseFinishedCallback      0x08001baa   Section        0  stm32f1xx_hal_tim.o(i.HAL_TIM_PWM_PulseFinishedCallback)
    i.HAL_TIM_PeriodElapsedCallback          0x08001bac   Section        0  senddata.o(i.HAL_TIM_PeriodElapsedCallback)
    i.HAL_TIM_TriggerCallback                0x08001bbc   Section        0  stm32f1xx_hal_tim.o(i.HAL_TIM_TriggerCallback)
    i.HAL_UARTEx_RxEventCallback             0x08001bbe   Section        0  stm32f1xx_hal_uart.o(i.HAL_UARTEx_RxEventCallback)
    i.HAL_UART_ErrorCallback                 0x08001bc0   Section        0  stm32f1xx_hal_uart.o(i.HAL_UART_ErrorCallback)
    i.HAL_UART_IRQHandler                    0x08001bc4   Section        0  stm32f1xx_hal_uart.o(i.HAL_UART_IRQHandler)
    i.HAL_UART_Init                          0x08001e30   Section        0  stm32f1xx_hal_uart.o(i.HAL_UART_Init)
    i.HAL_UART_MspInit                       0x08001e94   Section        0  usart.o(i.HAL_UART_MspInit)
    i.HAL_UART_RxCpltCallback                0x08001f14   Section        0  stm32f1xx_hal_uart.o(i.HAL_UART_RxCpltCallback)
    i.HAL_UART_Transmit                      0x08001f16   Section        0  stm32f1xx_hal_uart.o(i.HAL_UART_Transmit)
    i.HAL_UART_TxCpltCallback                0x08001fb0   Section        0  stm32f1xx_hal_uart.o(i.HAL_UART_TxCpltCallback)
    i.HardFault_Handler                      0x08001fb2   Section        0  stm32f1xx_it.o(i.HardFault_Handler)
    i.I2C_IsAcknowledgeFailed                0x08001fb4   Section        0  stm32f1xx_hal_i2c.o(i.I2C_IsAcknowledgeFailed)
    I2C_IsAcknowledgeFailed                  0x08001fb5   Thumb Code    46  stm32f1xx_hal_i2c.o(i.I2C_IsAcknowledgeFailed)
    i.I2C_MasterRequestRead                  0x08001fe4   Section        0  stm32f1xx_hal_i2c.o(i.I2C_MasterRequestRead)
    I2C_MasterRequestRead                    0x08001fe5   Thumb Code   230  stm32f1xx_hal_i2c.o(i.I2C_MasterRequestRead)
    i.I2C_MasterRequestWrite                 0x080020d0   Section        0  stm32f1xx_hal_i2c.o(i.I2C_MasterRequestWrite)
    I2C_MasterRequestWrite                   0x080020d1   Thumb Code   150  stm32f1xx_hal_i2c.o(i.I2C_MasterRequestWrite)
    i.I2C_WaitOnBTFFlagUntilTimeout          0x0800216c   Section        0  stm32f1xx_hal_i2c.o(i.I2C_WaitOnBTFFlagUntilTimeout)
    I2C_WaitOnBTFFlagUntilTimeout            0x0800216d   Thumb Code    86  stm32f1xx_hal_i2c.o(i.I2C_WaitOnBTFFlagUntilTimeout)
    i.I2C_WaitOnFlagUntilTimeout             0x080021c4   Section        0  stm32f1xx_hal_i2c.o(i.I2C_WaitOnFlagUntilTimeout)
    I2C_WaitOnFlagUntilTimeout               0x080021c5   Thumb Code   144  stm32f1xx_hal_i2c.o(i.I2C_WaitOnFlagUntilTimeout)
    i.I2C_WaitOnMasterAddressFlagUntilTimeout 0x08002254   Section        0  stm32f1xx_hal_i2c.o(i.I2C_WaitOnMasterAddressFlagUntilTimeout)
    I2C_WaitOnMasterAddressFlagUntilTimeout  0x08002255   Thumb Code   188  stm32f1xx_hal_i2c.o(i.I2C_WaitOnMasterAddressFlagUntilTimeout)
    i.I2C_WaitOnRXNEFlagUntilTimeout         0x08002310   Section        0  stm32f1xx_hal_i2c.o(i.I2C_WaitOnRXNEFlagUntilTimeout)
    I2C_WaitOnRXNEFlagUntilTimeout           0x08002311   Thumb Code   112  stm32f1xx_hal_i2c.o(i.I2C_WaitOnRXNEFlagUntilTimeout)
    i.I2C_WaitOnTXEFlagUntilTimeout          0x08002380   Section        0  stm32f1xx_hal_i2c.o(i.I2C_WaitOnTXEFlagUntilTimeout)
    I2C_WaitOnTXEFlagUntilTimeout            0x08002381   Thumb Code    86  stm32f1xx_hal_i2c.o(i.I2C_WaitOnTXEFlagUntilTimeout)
    i.IIC_Read_Byte                          0x080023d8   Section        0  up_1.o(i.IIC_Read_Byte)
    IIC_Read_Byte                            0x080023d9   Thumb Code   114  up_1.o(i.IIC_Read_Byte)
    i.IIC_Read_Byte1                         0x08002450   Section        0  down_1.o(i.IIC_Read_Byte1)
    IIC_Read_Byte1                           0x08002451   Thumb Code   116  down_1.o(i.IIC_Read_Byte1)
    i.IIC_Read_Byte2                         0x080024c8   Section        0  pitch_1.o(i.IIC_Read_Byte2)
    i.IIC_SDA_Mode_IN                        0x08002540   Section        0  up_1.o(i.IIC_SDA_Mode_IN)
    IIC_SDA_Mode_IN                          0x08002541   Thumb Code    26  up_1.o(i.IIC_SDA_Mode_IN)
    i.IIC_SDA_Mode_IN1                       0x08002564   Section        0  down_1.o(i.IIC_SDA_Mode_IN1)
    IIC_SDA_Mode_IN1                         0x08002565   Thumb Code    28  down_1.o(i.IIC_SDA_Mode_IN1)
    i.IIC_SDA_Mode_IN2                       0x08002588   Section        0  pitch_1.o(i.IIC_SDA_Mode_IN2)
    i.IIC_SDA_Mode_OUT                       0x080025ac   Section        0  up_1.o(i.IIC_SDA_Mode_OUT)
    IIC_SDA_Mode_OUT                         0x080025ad   Thumb Code    24  up_1.o(i.IIC_SDA_Mode_OUT)
    i.IIC_SDA_Mode_OUT1                      0x080025cc   Section        0  down_1.o(i.IIC_SDA_Mode_OUT1)
    IIC_SDA_Mode_OUT1                        0x080025cd   Thumb Code    26  down_1.o(i.IIC_SDA_Mode_OUT1)
    i.IIC_SDA_Mode_OUT2                      0x080025f0   Section        0  pitch_1.o(i.IIC_SDA_Mode_OUT2)
    i.IIC_Send_Byte                          0x08002614   Section        0  up_1.o(i.IIC_Send_Byte)
    IIC_Send_Byte                            0x08002615   Thumb Code   114  up_1.o(i.IIC_Send_Byte)
    i.IIC_Send_Byte1                         0x0800268c   Section        0  down_1.o(i.IIC_Send_Byte1)
    IIC_Send_Byte1                           0x0800268d   Thumb Code   126  down_1.o(i.IIC_Send_Byte1)
    i.IIC_Send_Byte2                         0x08002710   Section        0  pitch_1.o(i.IIC_Send_Byte2)
    i.IIC_Start                              0x08002794   Section        0  up_1.o(i.IIC_Start)
    IIC_Start                                0x08002795   Thumb Code    70  up_1.o(i.IIC_Start)
    i.IIC_Start1                             0x080027e0   Section        0  down_1.o(i.IIC_Start1)
    IIC_Start1                               0x080027e1   Thumb Code    74  down_1.o(i.IIC_Start1)
    i.IIC_Start2                             0x08002830   Section        0  pitch_1.o(i.IIC_Start2)
    i.IIC_Stop2                              0x08002880   Section        0  pitch_1.o(i.IIC_Stop2)
    i.IIC_Wait_Ack                           0x080028d0   Section        0  up_1.o(i.IIC_Wait_Ack)
    IIC_Wait_Ack                             0x080028d1   Thumb Code    60  up_1.o(i.IIC_Wait_Ack)
    i.IIC_Wait_Ack1                          0x08002910   Section        0  down_1.o(i.IIC_Wait_Ack1)
    IIC_Wait_Ack1                            0x08002911   Thumb Code    62  down_1.o(i.IIC_Wait_Ack1)
    i.IIC_Wait_Ack2                          0x08002954   Section        0  pitch_1.o(i.IIC_Wait_Ack2)
    i.MX_GPIO_Init                           0x08002998   Section        0  gpio.o(i.MX_GPIO_Init)
    i.MX_I2C1_Init                           0x08002a68   Section        0  i2c.o(i.MX_I2C1_Init)
    i.MX_I2C2_Init                           0x08002aa8   Section        0  i2c.o(i.MX_I2C2_Init)
    i.MX_TIM2_Init                           0x08002ae8   Section        0  tim.o(i.MX_TIM2_Init)
    i.MX_USART1_UART_Init                    0x08002b50   Section        0  usart.o(i.MX_USART1_UART_Init)
    i.MemManage_Handler                      0x08002b88   Section        0  stm32f1xx_it.o(i.MemManage_Handler)
    i.NMI_Handler                            0x08002b8a   Section        0  stm32f1xx_it.o(i.NMI_Handler)
    i.PendSV_Handler                         0x08002b8c   Section        0  stm32f1xx_it.o(i.PendSV_Handler)
    i.SVC_Handler                            0x08002b8e   Section        0  stm32f1xx_it.o(i.SVC_Handler)
    i.SendDataTask                           0x08002b90   Section        0  senddata.o(i.SendDataTask)
    i.SysTick_Handler                        0x08002c20   Section        0  stm32f1xx_it.o(i.SysTick_Handler)
    i.SystemClock_Config                     0x08002c24   Section        0  main.o(i.SystemClock_Config)
    i.SystemInit                             0x08002c82   Section        0  system_stm32f1xx.o(i.SystemInit)
    i.TIM2_IRQHandler                        0x08002c84   Section        0  stm32f1xx_it.o(i.TIM2_IRQHandler)
    i.TIM_Base_SetConfig                     0x08002c90   Section        0  stm32f1xx_hal_tim.o(i.TIM_Base_SetConfig)
    i.TIM_ETR_SetConfig                      0x08002cfc   Section        0  stm32f1xx_hal_tim.o(i.TIM_ETR_SetConfig)
    i.TIM_ITRx_SetConfig                     0x08002d10   Section        0  stm32f1xx_hal_tim.o(i.TIM_ITRx_SetConfig)
    TIM_ITRx_SetConfig                       0x08002d11   Thumb Code    16  stm32f1xx_hal_tim.o(i.TIM_ITRx_SetConfig)
    i.TIM_TI1_ConfigInputStage               0x08002d20   Section        0  stm32f1xx_hal_tim.o(i.TIM_TI1_ConfigInputStage)
    TIM_TI1_ConfigInputStage                 0x08002d21   Thumb Code    34  stm32f1xx_hal_tim.o(i.TIM_TI1_ConfigInputStage)
    i.TIM_TI2_ConfigInputStage               0x08002d42   Section        0  stm32f1xx_hal_tim.o(i.TIM_TI2_ConfigInputStage)
    TIM_TI2_ConfigInputStage                 0x08002d43   Thumb Code    36  stm32f1xx_hal_tim.o(i.TIM_TI2_ConfigInputStage)
    i.UART_DMAAbortOnError                   0x08002d66   Section        0  stm32f1xx_hal_uart.o(i.UART_DMAAbortOnError)
    UART_DMAAbortOnError                     0x08002d67   Thumb Code    16  stm32f1xx_hal_uart.o(i.UART_DMAAbortOnError)
    i.UART_EndRxTransfer                     0x08002d76   Section        0  stm32f1xx_hal_uart.o(i.UART_EndRxTransfer)
    UART_EndRxTransfer                       0x08002d77   Thumb Code    78  stm32f1xx_hal_uart.o(i.UART_EndRxTransfer)
    i.UART_Receive_IT                        0x08002dc4   Section        0  stm32f1xx_hal_uart.o(i.UART_Receive_IT)
    UART_Receive_IT                          0x08002dc5   Thumb Code   194  stm32f1xx_hal_uart.o(i.UART_Receive_IT)
    i.UART_SetConfig                         0x08002e88   Section        0  stm32f1xx_hal_uart.o(i.UART_SetConfig)
    UART_SetConfig                           0x08002e89   Thumb Code   178  stm32f1xx_hal_uart.o(i.UART_SetConfig)
    i.UART_WaitOnFlagUntilTimeout            0x08002f40   Section        0  stm32f1xx_hal_uart.o(i.UART_WaitOnFlagUntilTimeout)
    UART_WaitOnFlagUntilTimeout              0x08002f41   Thumb Code   120  stm32f1xx_hal_uart.o(i.UART_WaitOnFlagUntilTimeout)
    i.USART1_IRQHandler                      0x08002fb8   Section        0  stm32f1xx_it.o(i.USART1_IRQHandler)
    i.UsageFault_Handler                     0x08002fc4   Section        0  stm32f1xx_it.o(i.UsageFault_Handler)
    i.__NVIC_SetPriority                     0x08002fc6   Section        0  stm32f1xx_hal_cortex.o(i.__NVIC_SetPriority)
    __NVIC_SetPriority                       0x08002fc7   Thumb Code    32  stm32f1xx_hal_cortex.o(i.__NVIC_SetPriority)
    i.__scatterload_copy                     0x08002fe6   Section       14  handlers.o(i.__scatterload_copy)
    i.__scatterload_null                     0x08002ff4   Section        2  handlers.o(i.__scatterload_null)
    i.__scatterload_zeroinit                 0x08002ff6   Section       14  handlers.o(i.__scatterload_zeroinit)
    i.append_CRC16_check_sum                 0x08003004   Section        0  crc8_crc16.o(i.append_CRC16_check_sum)
    i.append_CRC8_check_sum                  0x0800302c   Section        0  crc8_crc16.o(i.append_CRC8_check_sum)
    i.bsp_as5600GetAngle                     0x08003048   Section        0  bsp_as5600.o(i.bsp_as5600GetAngle)
    i.bsp_as5600GetRawAngle                  0x080030bc   Section        0  bsp_as5600.o(i.bsp_as5600GetRawAngle)
    i.bsp_as5601GetAngle                     0x0800310c   Section        0  bsp_as5601.o(i.bsp_as5601GetAngle)
    i.bsp_as5601GetRawAngle                  0x08003180   Section        0  bsp_as5601.o(i.bsp_as5601GetRawAngle)
    i.bsp_as5666GetAngle_down                0x080031d0   Section        0  down_1.o(i.bsp_as5666GetAngle_down)
    i.bsp_as5666GetAngle_pitch               0x0800325c   Section        0  pitch_1.o(i.bsp_as5666GetAngle_pitch)
    i.bsp_as5666GetAngle_up                  0x080032dc   Section        0  up_1.o(i.bsp_as5666GetAngle_up)
    i.customDelay                            0x08003368   Section        0  senddata.o(i.customDelay)
    i.delay_us                               0x08003380   Section        0  delay.o(i.delay_us)
    i.distance                               0x080033b4   Section        0  bsp_as5600.o(i.distance)
    i.distance2                              0x080033f8   Section        0  bsp_as5601.o(i.distance2)
    i.get_CRC16_check_sum                    0x0800343c   Section        0  crc8_crc16.o(i.get_CRC16_check_sum)
    i.get_CRC8_check_sum                     0x08003468   Section        0  crc8_crc16.o(i.get_CRC8_check_sum)
    i.init_angle_yaw_roll                    0x08003484   Section        0  yaw_roll.o(i.init_angle_yaw_roll)
    i.main                                   0x080034b8   Section        0  main.o(i.main)
    i.pitch_angle                            0x080034dc   Section        0  pitch_1.o(i.pitch_angle)
    i.roll_angle                             0x08003528   Section        0  yaw_roll.o(i.roll_angle)
    i.yaw_angle                              0x08003588   Section        0  yaw_roll.o(i.yaw_angle)
    .constdata                               0x080035ec   Section       18  stm32f1xx_hal_rcc.o(.constdata)
    aPredivFactorTable                       0x080035ec   Data           2  stm32f1xx_hal_rcc.o(.constdata)
    aPLLMULFactorTable                       0x080035ee   Data          16  stm32f1xx_hal_rcc.o(.constdata)
    .constdata                               0x080035fe   Section       16  system_stm32f1xx.o(.constdata)
    .constdata                               0x0800360e   Section        8  system_stm32f1xx.o(.constdata)
    .constdata                               0x08003616   Section      768  crc8_crc16.o(.constdata)
    .data                                    0x20000000   Section       12  stm32f1xx_hal.o(.data)
    .data                                    0x2000000c   Section        4  system_stm32f1xx.o(.data)
    .data                                    0x20000010   Section       24  bsp_as5600.o(.data)
    t                                        0x20000010   Data           4  bsp_as5600.o(.data)
    back_angle                               0x20000014   Data           4  bsp_as5600.o(.data)
    back_angle_o                             0x20000018   Data           4  bsp_as5600.o(.data)
    d                                        0x2000001c   Data           4  bsp_as5600.o(.data)
    angle_data_prev                          0x20000020   Data           4  bsp_as5600.o(.data)
    full_rotation_offset                     0x20000024   Data           4  bsp_as5600.o(.data)
    .data                                    0x20000028   Section        2  crc8_crc16.o(.data)
    .data                                    0x2000002a   Section        1  senddata.o(.data)
    seq                                      0x2000002a   Data           1  senddata.o(.data)
    .data                                    0x2000002c   Section       24  bsp_as5601.o(.data)
    t                                        0x2000002c   Data           4  bsp_as5601.o(.data)
    back_angle                               0x20000030   Data           4  bsp_as5601.o(.data)
    back_angle_zone                          0x20000034   Data           4  bsp_as5601.o(.data)
    d                                        0x20000038   Data           4  bsp_as5601.o(.data)
    angle_data_prev                          0x2000003c   Data           4  bsp_as5601.o(.data)
    full_rotation_offset                     0x20000040   Data           4  bsp_as5601.o(.data)
    .data                                    0x20000044   Section        4  delay.o(.data)
    .data                                    0x20000048   Section       28  yaw_roll.o(.data)
    t                                        0x20000048   Data           4  yaw_roll.o(.data)
    up_init_angle                            0x2000004c   Data           4  yaw_roll.o(.data)
    down_init_angle                          0x20000050   Data           4  yaw_roll.o(.data)
    up_angle                                 0x20000054   Data           4  yaw_roll.o(.data)
    down_angle                               0x20000058   Data           4  yaw_roll.o(.data)
    yaw_all                                  0x2000005c   Data           4  yaw_roll.o(.data)
    roll_all                                 0x20000060   Data           4  yaw_roll.o(.data)
    .data                                    0x20000064   Section        8  up_1.o(.data)
    angle_data_prev_up                       0x20000064   Data           4  up_1.o(.data)
    full_rotation_offset_up                  0x20000068   Data           4  up_1.o(.data)
    .data                                    0x2000006c   Section        8  down_1.o(.data)
    angle_data_prev_down                     0x2000006c   Data           4  down_1.o(.data)
    full_rotation_offset_down                0x20000070   Data           4  down_1.o(.data)
    .data                                    0x20000074   Section       24  pitch_1.o(.data)
    t                                        0x20000074   Data           4  pitch_1.o(.data)
    pitch_angle_init                         0x20000080   Data           4  pitch_1.o(.data)
    pitch_angle_1                            0x20000084   Data           4  pitch_1.o(.data)
    pitch_angle_0                            0x20000088   Data           4  pitch_1.o(.data)
    .bss                                     0x2000008c   Section      168  i2c.o(.bss)
    .bss                                     0x20000134   Section       72  tim.o(.bss)
    .bss                                     0x2000017c   Section       72  usart.o(.bss)
    .bss                                     0x200001c4   Section       16  up_1.o(.bss)
    GPIO_InitStruct                          0x200001c4   Data          16  up_1.o(.bss)
    .bss                                     0x200001d4   Section       16  down_1.o(.bss)
    GPIO_InitStruct                          0x200001d4   Data          16  down_1.o(.bss)
    .bss                                     0x200001e4   Section       16  pitch_1.o(.bss)
    GPIO_InitStruct                          0x200001e4   Data          16  pitch_1.o(.bss)
    STACK                                    0x200001f8   Section     1024  startup_stm32f103xb.o(STACK)

    Global Symbols

    Symbol Name                              Value     Ov Type        Size  Object(Section)

    BuildAttributes$$THM_ISAv4$P$D$K$B$S$PE$A:L22UL41UL21$X:L11$S22US41US21$IEEE1$IW$USESV6$~STKCKD$USESV7$~SHL$OTIME$ROPI$EBA8$MICROLIB$REQ8$PRES8$EABIv2 0x00000000   Number         0  anon$$obj.o ABSOLUTE
    __ARM_use_no_argv                        0x00000000   Number         0  main.o ABSOLUTE
    __cpp_initialize__aeabi_                  - Undefined Weak Reference
    __cxa_finalize                            - Undefined Weak Reference
    __decompress                              - Undefined Weak Reference
    _clock_init                               - Undefined Weak Reference
    _microlib_exit                            - Undefined Weak Reference
    __Vectors_Size                           0x000000ec   Number         0  startup_stm32f103xb.o ABSOLUTE
    __Vectors                                0x08000000   Data           4  startup_stm32f103xb.o(RESET)
    __Vectors_End                            0x080000ec   Data           0  startup_stm32f103xb.o(RESET)
    __main                                   0x080000ed   Thumb Code     0  entry.o(.ARM.Collect$$$$00000000)
    _main_stk                                0x080000ed   Thumb Code     0  entry2.o(.ARM.Collect$$$$00000001)
    _main_scatterload                        0x080000f1   Thumb Code     0  entry5.o(.ARM.Collect$$$$00000004)
    __main_after_scatterload                 0x080000f5   Thumb Code     0  entry5.o(.ARM.Collect$$$$00000004)
    _main_clock                              0x080000f5   Thumb Code     0  entry7b.o(.ARM.Collect$$$$00000008)
    _main_cpp_init                           0x080000f5   Thumb Code     0  entry8b.o(.ARM.Collect$$$$0000000A)
    _main_init                               0x080000f5   Thumb Code     0  entry9a.o(.ARM.Collect$$$$0000000B)
    __rt_final_cpp                           0x080000fd   Thumb Code     0  entry10a.o(.ARM.Collect$$$$0000000D)
    __rt_final_exit                          0x080000fd   Thumb Code     0  entry11a.o(.ARM.Collect$$$$0000000F)
    Reset_Handler                            0x08000101   Thumb Code     8  startup_stm32f103xb.o(.text)
    ADC1_2_IRQHandler                        0x0800011b   Thumb Code     0  startup_stm32f103xb.o(.text)
    CAN1_RX1_IRQHandler                      0x0800011b   Thumb Code     0  startup_stm32f103xb.o(.text)
    CAN1_SCE_IRQHandler                      0x0800011b   Thumb Code     0  startup_stm32f103xb.o(.text)
    DMA1_Channel1_IRQHandler                 0x0800011b   Thumb Code     0  startup_stm32f103xb.o(.text)
    DMA1_Channel2_IRQHandler                 0x0800011b   Thumb Code     0  startup_stm32f103xb.o(.text)
    DMA1_Channel3_IRQHandler                 0x0800011b   Thumb Code     0  startup_stm32f103xb.o(.text)
    DMA1_Channel4_IRQHandler                 0x0800011b   Thumb Code     0  startup_stm32f103xb.o(.text)
    DMA1_Channel5_IRQHandler                 0x0800011b   Thumb Code     0  startup_stm32f103xb.o(.text)
    DMA1_Channel6_IRQHandler                 0x0800011b   Thumb Code     0  startup_stm32f103xb.o(.text)
    DMA1_Channel7_IRQHandler                 0x0800011b   Thumb Code     0  startup_stm32f103xb.o(.text)
    EXTI0_IRQHandler                         0x0800011b   Thumb Code     0  startup_stm32f103xb.o(.text)
    EXTI15_10_IRQHandler                     0x0800011b   Thumb Code     0  startup_stm32f103xb.o(.text)
    EXTI1_IRQHandler                         0x0800011b   Thumb Code     0  startup_stm32f103xb.o(.text)
    EXTI2_IRQHandler                         0x0800011b   Thumb Code     0  startup_stm32f103xb.o(.text)
    EXTI3_IRQHandler                         0x0800011b   Thumb Code     0  startup_stm32f103xb.o(.text)
    EXTI4_IRQHandler                         0x0800011b   Thumb Code     0  startup_stm32f103xb.o(.text)
    EXTI9_5_IRQHandler                       0x0800011b   Thumb Code     0  startup_stm32f103xb.o(.text)
    FLASH_IRQHandler                         0x0800011b   Thumb Code     0  startup_stm32f103xb.o(.text)
    I2C1_ER_IRQHandler                       0x0800011b   Thumb Code     0  startup_stm32f103xb.o(.text)
    I2C1_EV_IRQHandler                       0x0800011b   Thumb Code     0  startup_stm32f103xb.o(.text)
    I2C2_ER_IRQHandler                       0x0800011b   Thumb Code     0  startup_stm32f103xb.o(.text)
    I2C2_EV_IRQHandler                       0x0800011b   Thumb Code     0  startup_stm32f103xb.o(.text)
    PVD_IRQHandler                           0x0800011b   Thumb Code     0  startup_stm32f103xb.o(.text)
    RCC_IRQHandler                           0x0800011b   Thumb Code     0  startup_stm32f103xb.o(.text)
    RTC_Alarm_IRQHandler                     0x0800011b   Thumb Code     0  startup_stm32f103xb.o(.text)
    RTC_IRQHandler                           0x0800011b   Thumb Code     0  startup_stm32f103xb.o(.text)
    SPI1_IRQHandler                          0x0800011b   Thumb Code     0  startup_stm32f103xb.o(.text)
    SPI2_IRQHandler                          0x0800011b   Thumb Code     0  startup_stm32f103xb.o(.text)
    TAMPER_IRQHandler                        0x0800011b   Thumb Code     0  startup_stm32f103xb.o(.text)
    TIM1_BRK_IRQHandler                      0x0800011b   Thumb Code     0  startup_stm32f103xb.o(.text)
    TIM1_CC_IRQHandler                       0x0800011b   Thumb Code     0  startup_stm32f103xb.o(.text)
    TIM1_TRG_COM_IRQHandler                  0x0800011b   Thumb Code     0  startup_stm32f103xb.o(.text)
    TIM1_UP_IRQHandler                       0x0800011b   Thumb Code     0  startup_stm32f103xb.o(.text)
    TIM3_IRQHandler                          0x0800011b   Thumb Code     0  startup_stm32f103xb.o(.text)
    TIM4_IRQHandler                          0x0800011b   Thumb Code     0  startup_stm32f103xb.o(.text)
    USART2_IRQHandler                        0x0800011b   Thumb Code     0  startup_stm32f103xb.o(.text)
    USART3_IRQHandler                        0x0800011b   Thumb Code     0  startup_stm32f103xb.o(.text)
    USBWakeUp_IRQHandler                     0x0800011b   Thumb Code     0  startup_stm32f103xb.o(.text)
    USB_HP_CAN1_TX_IRQHandler                0x0800011b   Thumb Code     0  startup_stm32f103xb.o(.text)
    USB_LP_CAN1_RX0_IRQHandler               0x0800011b   Thumb Code     0  startup_stm32f103xb.o(.text)
    WWDG_IRQHandler                          0x0800011b   Thumb Code     0  startup_stm32f103xb.o(.text)
    __aeabi_llsr                             0x08000125   Thumb Code    32  llushr.o(.text)
    _ll_ushift_r                             0x08000125   Thumb Code     0  llushr.o(.text)
    __aeabi_memset                           0x08000145   Thumb Code    14  memseta.o(.text)
    __aeabi_memset4                          0x08000145   Thumb Code     0  memseta.o(.text)
    __aeabi_memset8                          0x08000145   Thumb Code     0  memseta.o(.text)
    __aeabi_memclr                           0x08000153   Thumb Code     4  memseta.o(.text)
    __aeabi_memclr4                          0x08000153   Thumb Code     0  memseta.o(.text)
    __aeabi_memclr8                          0x08000153   Thumb Code     0  memseta.o(.text)
    _memset$wrapper                          0x08000157   Thumb Code    18  memseta.o(.text)
    __aeabi_fadd                             0x08000169   Thumb Code   164  fadd.o(.text)
    __aeabi_fsub                             0x0800020d   Thumb Code     6  fadd.o(.text)
    __aeabi_frsub                            0x08000213   Thumb Code     6  fadd.o(.text)
    __aeabi_fmul                             0x08000219   Thumb Code   100  fmul.o(.text)
    __aeabi_fdiv                             0x0800027d   Thumb Code   124  fdiv.o(.text)
    __ARM_scalbnf                            0x080002f9   Thumb Code    24  fscalb.o(.text)
    scalbnf                                  0x080002f9   Thumb Code     0  fscalb.o(.text)
    __aeabi_dadd                             0x08000311   Thumb Code   322  dadd.o(.text)
    __aeabi_dsub                             0x08000453   Thumb Code     6  dadd.o(.text)
    __aeabi_drsub                            0x08000459   Thumb Code     6  dadd.o(.text)
    __aeabi_dmul                             0x0800045f   Thumb Code   228  dmul.o(.text)
    __aeabi_ddiv                             0x08000543   Thumb Code   222  ddiv.o(.text)
    __ARM_scalbn                             0x08000621   Thumb Code    46  dscalb.o(.text)
    scalbn                                   0x08000621   Thumb Code     0  dscalb.o(.text)
    __aeabi_i2f                              0x0800064f   Thumb Code    18  fflti.o(.text)
    __aeabi_ui2f                             0x08000661   Thumb Code    10  ffltui.o(.text)
    __aeabi_f2d                              0x0800066b   Thumb Code    38  f2d.o(.text)
    __aeabi_d2f                              0x08000691   Thumb Code    56  d2f.o(.text)
    __aeabi_llsl                             0x080006c9   Thumb Code    30  llshl.o(.text)
    _ll_shift_l                              0x080006c9   Thumb Code     0  llshl.o(.text)
    __aeabi_lasr                             0x080006e7   Thumb Code    36  llsshr.o(.text)
    _ll_sshift_r                             0x080006e7   Thumb Code     0  llsshr.o(.text)
    __I$use$fp                               0x0800070b   Thumb Code     0  iusefp.o(.text)
    _float_round                             0x0800070b   Thumb Code    18  fepilogue.o(.text)
    _float_epilogue                          0x0800071d   Thumb Code    92  fepilogue.o(.text)
    _double_round                            0x08000779   Thumb Code    30  depilogue.o(.text)
    _double_epilogue                         0x08000797   Thumb Code   156  depilogue.o(.text)
    __scatterload                            0x08000835   Thumb Code    28  init.o(.text)
    __scatterload_rt2                        0x08000835   Thumb Code     0  init.o(.text)
    AS5600_ReadOneByte2                      0x08000955   Thumb Code    56  pitch_1.o(i.AS5600_ReadOneByte2)
    AS5600_ReadTwoByte2                      0x0800098d   Thumb Code    22  pitch_1.o(i.AS5600_ReadTwoByte2)
    BusFault_Handler                         0x080009a3   Thumb Code     2  stm32f1xx_it.o(i.BusFault_Handler)
    DebugMon_Handler                         0x080009a5   Thumb Code     2  stm32f1xx_it.o(i.DebugMon_Handler)
    Error_Handler                            0x080009a7   Thumb Code     4  main.o(i.Error_Handler)
    Float_HEX                                0x080009ab   Thumb Code    14  senddata.o(i.Float_HEX)
    HAL_DMA_Abort                            0x080009b9   Thumb Code    70  stm32f1xx_hal_dma.o(i.HAL_DMA_Abort)
    HAL_DMA_Abort_IT                         0x08000a01   Thumb Code   148  stm32f1xx_hal_dma.o(i.HAL_DMA_Abort_IT)
    HAL_GPIO_Init                            0x08000a99   Thumb Code   446  stm32f1xx_hal_gpio.o(i.HAL_GPIO_Init)
    HAL_GPIO_ReadPin                         0x08000c79   Thumb Code    10  stm32f1xx_hal_gpio.o(i.HAL_GPIO_ReadPin)
    HAL_GPIO_WritePin                        0x08000c83   Thumb Code    10  stm32f1xx_hal_gpio.o(i.HAL_GPIO_WritePin)
    HAL_GetTick                              0x08000c8d   Thumb Code     6  stm32f1xx_hal.o(i.HAL_GetTick)
    HAL_I2C_Init                             0x08000c99   Thumb Code   376  stm32f1xx_hal_i2c.o(i.HAL_I2C_Init)
    HAL_I2C_Master_Receive                   0x08000e21   Thumb Code   576  stm32f1xx_hal_i2c.o(i.HAL_I2C_Master_Receive)
    HAL_I2C_Master_Transmit                  0x08001071   Thumb Code   290  stm32f1xx_hal_i2c.o(i.HAL_I2C_Master_Transmit)
    HAL_I2C_MspInit                          0x0800119d   Thumb Code   134  i2c.o(i.HAL_I2C_MspInit)
    HAL_IncTick                              0x08001235   Thumb Code    12  stm32f1xx_hal.o(i.HAL_IncTick)
    HAL_Init                                 0x08001245   Thumb Code    32  stm32f1xx_hal.o(i.HAL_Init)
    HAL_InitTick                             0x08001269   Thumb Code    54  stm32f1xx_hal.o(i.HAL_InitTick)
    HAL_MspInit                              0x080012a9   Thumb Code    52  stm32f1xx_hal_msp_1.o(i.HAL_MspInit)
    HAL_NVIC_EnableIRQ                       0x080012e5   Thumb Code    26  stm32f1xx_hal_cortex.o(i.HAL_NVIC_EnableIRQ)
    HAL_NVIC_SetPriority                     0x08001301   Thumb Code    60  stm32f1xx_hal_cortex.o(i.HAL_NVIC_SetPriority)
    HAL_NVIC_SetPriorityGrouping             0x08001341   Thumb Code    26  stm32f1xx_hal_cortex.o(i.HAL_NVIC_SetPriorityGrouping)
    HAL_RCC_ClockConfig                      0x08001365   Thumb Code   280  stm32f1xx_hal_rcc.o(i.HAL_RCC_ClockConfig)
    HAL_RCC_GetPCLK1Freq                     0x08001491   Thumb Code    20  stm32f1xx_hal_rcc.o(i.HAL_RCC_GetPCLK1Freq)
    HAL_RCC_GetPCLK2Freq                     0x080014b1   Thumb Code    20  stm32f1xx_hal_rcc.o(i.HAL_RCC_GetPCLK2Freq)
    HAL_RCC_GetSysClockFreq                  0x080014d1   Thumb Code    58  stm32f1xx_hal_rcc.o(i.HAL_RCC_GetSysClockFreq)
    HAL_RCC_OscConfig                        0x0800151d   Thumb Code   778  stm32f1xx_hal_rcc.o(i.HAL_RCC_OscConfig)
    HAL_SYSTICK_Config                       0x0800183d   Thumb Code    40  stm32f1xx_hal_cortex.o(i.HAL_SYSTICK_Config)
    HAL_TIMEx_BreakCallback                  0x08001865   Thumb Code     2  stm32f1xx_hal_tim_ex.o(i.HAL_TIMEx_BreakCallback)
    HAL_TIMEx_CommutCallback                 0x08001867   Thumb Code     2  stm32f1xx_hal_tim_ex.o(i.HAL_TIMEx_CommutCallback)
    HAL_TIMEx_MasterConfigSynchronization    0x08001869   Thumb Code    92  stm32f1xx_hal_tim_ex.o(i.HAL_TIMEx_MasterConfigSynchronization)
    HAL_TIM_Base_Init                        0x080018d1   Thumb Code    90  stm32f1xx_hal_tim.o(i.HAL_TIM_Base_Init)
    HAL_TIM_Base_MspInit                     0x0800192d   Thumb Code    50  tim.o(i.HAL_TIM_Base_MspInit)
    HAL_TIM_ConfigClockSource                0x08001965   Thumb Code   220  stm32f1xx_hal_tim.o(i.HAL_TIM_ConfigClockSource)
    HAL_TIM_IC_CaptureCallback               0x08001a41   Thumb Code     2  stm32f1xx_hal_tim.o(i.HAL_TIM_IC_CaptureCallback)
    HAL_TIM_IRQHandler                       0x08001a43   Thumb Code   358  stm32f1xx_hal_tim.o(i.HAL_TIM_IRQHandler)
    HAL_TIM_OC_DelayElapsedCallback          0x08001ba9   Thumb Code     2  stm32f1xx_hal_tim.o(i.HAL_TIM_OC_DelayElapsedCallback)
    HAL_TIM_PWM_PulseFinishedCallback        0x08001bab   Thumb Code     2  stm32f1xx_hal_tim.o(i.HAL_TIM_PWM_PulseFinishedCallback)
    HAL_TIM_PeriodElapsedCallback            0x08001bad   Thumb Code    12  senddata.o(i.HAL_TIM_PeriodElapsedCallback)
    HAL_TIM_TriggerCallback                  0x08001bbd   Thumb Code     2  stm32f1xx_hal_tim.o(i.HAL_TIM_TriggerCallback)
    HAL_UARTEx_RxEventCallback               0x08001bbf   Thumb Code     2  stm32f1xx_hal_uart.o(i.HAL_UARTEx_RxEventCallback)
    HAL_UART_ErrorCallback                   0x08001bc1   Thumb Code     2  stm32f1xx_hal_uart.o(i.HAL_UART_ErrorCallback)
    HAL_UART_IRQHandler                      0x08001bc5   Thumb Code   616  stm32f1xx_hal_uart.o(i.HAL_UART_IRQHandler)
    HAL_UART_Init                            0x08001e31   Thumb Code   100  stm32f1xx_hal_uart.o(i.HAL_UART_Init)
    HAL_UART_MspInit                         0x08001e95   Thumb Code   116  usart.o(i.HAL_UART_MspInit)
    HAL_UART_RxCpltCallback                  0x08001f15   Thumb Code     2  stm32f1xx_hal_uart.o(i.HAL_UART_RxCpltCallback)
    HAL_UART_Transmit                        0x08001f17   Thumb Code   154  stm32f1xx_hal_uart.o(i.HAL_UART_Transmit)
    HAL_UART_TxCpltCallback                  0x08001fb1   Thumb Code     2  stm32f1xx_hal_uart.o(i.HAL_UART_TxCpltCallback)
    HardFault_Handler                        0x08001fb3   Thumb Code     2  stm32f1xx_it.o(i.HardFault_Handler)
    IIC_Read_Byte2                           0x080024c9   Thumb Code   116  pitch_1.o(i.IIC_Read_Byte2)
    IIC_SDA_Mode_IN2                         0x08002589   Thumb Code    28  pitch_1.o(i.IIC_SDA_Mode_IN2)
    IIC_SDA_Mode_OUT2                        0x080025f1   Thumb Code    26  pitch_1.o(i.IIC_SDA_Mode_OUT2)
    IIC_Send_Byte2                           0x08002711   Thumb Code   126  pitch_1.o(i.IIC_Send_Byte2)
    IIC_Start2                               0x08002831   Thumb Code    74  pitch_1.o(i.IIC_Start2)
    IIC_Stop2                                0x08002881   Thumb Code    76  pitch_1.o(i.IIC_Stop2)
    IIC_Wait_Ack2                            0x08002955   Thumb Code    62  pitch_1.o(i.IIC_Wait_Ack2)
    MX_GPIO_Init                             0x08002999   Thumb Code   192  gpio.o(i.MX_GPIO_Init)
    MX_I2C1_Init                             0x08002a69   Thumb Code    50  i2c.o(i.MX_I2C1_Init)
    MX_I2C2_Init                             0x08002aa9   Thumb Code    50  i2c.o(i.MX_I2C2_Init)
    MX_TIM2_Init                             0x08002ae9   Thumb Code    98  tim.o(i.MX_TIM2_Init)
    MX_USART1_UART_Init                      0x08002b51   Thumb Code    48  usart.o(i.MX_USART1_UART_Init)
    MemManage_Handler                        0x08002b89   Thumb Code     2  stm32f1xx_it.o(i.MemManage_Handler)
    NMI_Handler                              0x08002b8b   Thumb Code     2  stm32f1xx_it.o(i.NMI_Handler)
    PendSV_Handler                           0x08002b8d   Thumb Code     2  stm32f1xx_it.o(i.PendSV_Handler)
    SVC_Handler                              0x08002b8f   Thumb Code     2  stm32f1xx_it.o(i.SVC_Handler)
    SendDataTask                             0x08002b91   Thumb Code   134  senddata.o(i.SendDataTask)
    SysTick_Handler                          0x08002c21   Thumb Code     4  stm32f1xx_it.o(i.SysTick_Handler)
    SystemClock_Config                       0x08002c25   Thumb Code    94  main.o(i.SystemClock_Config)
    SystemInit                               0x08002c83   Thumb Code     2  system_stm32f1xx.o(i.SystemInit)
    TIM2_IRQHandler                          0x08002c85   Thumb Code     6  stm32f1xx_it.o(i.TIM2_IRQHandler)
    TIM_Base_SetConfig                       0x08002c91   Thumb Code    94  stm32f1xx_hal_tim.o(i.TIM_Base_SetConfig)
    TIM_ETR_SetConfig                        0x08002cfd   Thumb Code    20  stm32f1xx_hal_tim.o(i.TIM_ETR_SetConfig)
    USART1_IRQHandler                        0x08002fb9   Thumb Code     6  stm32f1xx_it.o(i.USART1_IRQHandler)
    UsageFault_Handler                       0x08002fc5   Thumb Code     2  stm32f1xx_it.o(i.UsageFault_Handler)
    __scatterload_copy                       0x08002fe7   Thumb Code    14  handlers.o(i.__scatterload_copy)
    __scatterload_null                       0x08002ff5   Thumb Code     2  handlers.o(i.__scatterload_null)
    __scatterload_zeroinit                   0x08002ff7   Thumb Code    14  handlers.o(i.__scatterload_zeroinit)
    append_CRC16_check_sum                   0x08003005   Thumb Code    36  crc8_crc16.o(i.append_CRC16_check_sum)
    append_CRC8_check_sum                    0x0800302d   Thumb Code    28  crc8_crc16.o(i.append_CRC8_check_sum)
    bsp_as5600GetAngle                       0x08003049   Thumb Code   104  bsp_as5600.o(i.bsp_as5600GetAngle)
    bsp_as5600GetRawAngle                    0x080030bd   Thumb Code    70  bsp_as5600.o(i.bsp_as5600GetRawAngle)
    bsp_as5601GetAngle                       0x0800310d   Thumb Code   104  bsp_as5601.o(i.bsp_as5601GetAngle)
    bsp_as5601GetRawAngle                    0x08003181   Thumb Code    70  bsp_as5601.o(i.bsp_as5601GetRawAngle)
    bsp_as5666GetAngle_down                  0x080031d1   Thumb Code   128  down_1.o(i.bsp_as5666GetAngle_down)
    bsp_as5666GetAngle_pitch                 0x0800325d   Thumb Code   114  pitch_1.o(i.bsp_as5666GetAngle_pitch)
    bsp_as5666GetAngle_up                    0x080032dd   Thumb Code   128  up_1.o(i.bsp_as5666GetAngle_up)
    customDelay                              0x08003369   Thumb Code    24  senddata.o(i.customDelay)
    delay_us                                 0x08003381   Thumb Code    48  delay.o(i.delay_us)
    distance                                 0x080033b5   Thumb Code    54  bsp_as5600.o(i.distance)
    distance2                                0x080033f9   Thumb Code    54  bsp_as5601.o(i.distance2)
    get_CRC16_check_sum                      0x0800343d   Thumb Code    38  crc8_crc16.o(i.get_CRC16_check_sum)
    get_CRC8_check_sum                       0x08003469   Thumb Code    24  crc8_crc16.o(i.get_CRC8_check_sum)
    init_angle_yaw_roll                      0x08003485   Thumb Code    42  yaw_roll.o(i.init_angle_yaw_roll)
    main                                     0x080034b9   Thumb Code    34  main.o(i.main)
    pitch_angle                              0x080034dd   Thumb Code    60  pitch_1.o(i.pitch_angle)
    roll_angle                               0x08003529   Thumb Code    80  yaw_roll.o(i.roll_angle)
    yaw_angle                                0x08003589   Thumb Code    88  yaw_roll.o(i.yaw_angle)
    AHBPrescTable                            0x080035fe   Data          16  system_stm32f1xx.o(.constdata)
    APBPrescTable                            0x0800360e   Data           8  system_stm32f1xx.o(.constdata)
    CRC8_table                               0x08003616   Data         256  crc8_crc16.o(.constdata)
    wCRC_table                               0x08003716   Data         512  crc8_crc16.o(.constdata)
    Region$$Table$$Base                      0x08003918   Number         0  anon$$obj.o(Region$$Table)
    Region$$Table$$Limit                     0x08003938   Number         0  anon$$obj.o(Region$$Table)
    uwTickFreq                               0x20000000   Data           1  stm32f1xx_hal.o(.data)
    uwTickPrio                               0x20000004   Data           4  stm32f1xx_hal.o(.data)
    uwTick                                   0x20000008   Data           4  stm32f1xx_hal.o(.data)
    SystemCoreClock                          0x2000000c   Data           4  system_stm32f1xx.o(.data)
    CRC16_INIT                               0x20000028   Data           2  crc8_crc16.o(.data)
    fac_us                                   0x20000044   Data           4  delay.o(.data)
    angle_data_prev_pitch                    0x20000078   Data           4  pitch_1.o(.data)
    full_rotation_offset_pitch               0x2000007c   Data           4  pitch_1.o(.data)
    hi2c1                                    0x2000008c   Data          84  i2c.o(.bss)
    hi2c2                                    0x200000e0   Data          84  i2c.o(.bss)
    htim2                                    0x20000134   Data          72  tim.o(.bss)
    huart1                                   0x2000017c   Data          72  usart.o(.bss)
    __initial_sp                             0x200005f8   Data           0  startup_stm32f103xb.o(STACK)



==============================================================================

Memory Map of the image

  Image Entry point : 0x080000ed

  Load Region LR_IROM1 (Base: 0x08000000, Size: 0x000039c4, Max: 0x00010000, ABSOLUTE)

    Execution Region ER_IROM1 (Exec base: 0x08000000, Load base: 0x08000000, Size: 0x00003938, Max: 0x00010000, ABSOLUTE)

    Exec Addr    Load Addr    Size         Type   Attr      Idx    E Section Name        Object

    0x08000000   0x08000000   0x000000ec   Data   RO            3    RESET               startup_stm32f103xb.o
    0x080000ec   0x080000ec   0x00000000   Code   RO         3825  * .ARM.Collect$$$$00000000  mc_w.l(entry.o)
    0x080000ec   0x080000ec   0x00000004   Code   RO         3856    .ARM.Collect$$$$00000001  mc_w.l(entry2.o)
    0x080000f0   0x080000f0   0x00000004   Code   RO         3859    .ARM.Collect$$$$00000004  mc_w.l(entry5.o)
    0x080000f4   0x080000f4   0x00000000   Code   RO         3861    .ARM.Collect$$$$00000008  mc_w.l(entry7b.o)
    0x080000f4   0x080000f4   0x00000000   Code   RO         3863    .ARM.Collect$$$$0000000A  mc_w.l(entry8b.o)
    0x080000f4   0x080000f4   0x00000008   Code   RO         3864    .ARM.Collect$$$$0000000B  mc_w.l(entry9a.o)
    0x080000fc   0x080000fc   0x00000000   Code   RO         3866    .ARM.Collect$$$$0000000D  mc_w.l(entry10a.o)
    0x080000fc   0x080000fc   0x00000000   Code   RO         3868    .ARM.Collect$$$$0000000F  mc_w.l(entry11a.o)
    0x080000fc   0x080000fc   0x00000004   Code   RO         3857    .ARM.Collect$$$$00002712  mc_w.l(entry2.o)
    0x08000100   0x08000100   0x00000024   Code   RO            4    .text               startup_stm32f103xb.o
    0x08000124   0x08000124   0x00000020   Code   RO         3828    .text               mc_w.l(llushr.o)
    0x08000144   0x08000144   0x00000024   Code   RO         3830    .text               mc_w.l(memseta.o)
    0x08000168   0x08000168   0x000000b0   Code   RO         3832    .text               mf_w.l(fadd.o)
    0x08000218   0x08000218   0x00000064   Code   RO         3834    .text               mf_w.l(fmul.o)
    0x0800027c   0x0800027c   0x0000007c   Code   RO         3836    .text               mf_w.l(fdiv.o)
    0x080002f8   0x080002f8   0x00000018   Code   RO         3838    .text               mf_w.l(fscalb.o)
    0x08000310   0x08000310   0x0000014e   Code   RO         3840    .text               mf_w.l(dadd.o)
    0x0800045e   0x0800045e   0x000000e4   Code   RO         3842    .text               mf_w.l(dmul.o)
    0x08000542   0x08000542   0x000000de   Code   RO         3844    .text               mf_w.l(ddiv.o)
    0x08000620   0x08000620   0x0000002e   Code   RO         3846    .text               mf_w.l(dscalb.o)
    0x0800064e   0x0800064e   0x00000012   Code   RO         3848    .text               mf_w.l(fflti.o)
    0x08000660   0x08000660   0x0000000a   Code   RO         3850    .text               mf_w.l(ffltui.o)
    0x0800066a   0x0800066a   0x00000026   Code   RO         3852    .text               mf_w.l(f2d.o)
    0x08000690   0x08000690   0x00000038   Code   RO         3854    .text               mf_w.l(d2f.o)
    0x080006c8   0x080006c8   0x0000001e   Code   RO         3870    .text               mc_w.l(llshl.o)
    0x080006e6   0x080006e6   0x00000024   Code   RO         3872    .text               mc_w.l(llsshr.o)
    0x0800070a   0x0800070a   0x00000000   Code   RO         3874    .text               mc_w.l(iusefp.o)
    0x0800070a   0x0800070a   0x0000006e   Code   RO         3875    .text               mf_w.l(fepilogue.o)
    0x08000778   0x08000778   0x000000ba   Code   RO         3877    .text               mf_w.l(depilogue.o)
    0x08000832   0x08000832   0x00000002   PAD
    0x08000834   0x08000834   0x00000024   Code   RO         3879    .text               mc_w.l(init.o)
    0x08000858   0x08000858   0x00000078   Code   RO         3612    i.AS5600_ReadOneByte  up_1.o
    0x080008d0   0x080008d0   0x00000084   Code   RO         3674    i.AS5600_ReadOneByte1  down_1.o
    0x08000954   0x08000954   0x00000038   Code   RO         3736    i.AS5600_ReadOneByte2  pitch_1.o
    0x0800098c   0x0800098c   0x00000016   Code   RO         3737    i.AS5600_ReadTwoByte2  pitch_1.o
    0x080009a2   0x080009a2   0x00000002   Code   RO          342    i.BusFault_Handler  stm32f1xx_it.o
    0x080009a4   0x080009a4   0x00000002   Code   RO          343    i.DebugMon_Handler  stm32f1xx_it.o
    0x080009a6   0x080009a6   0x00000004   Code   RO           13    i.Error_Handler     main.o
    0x080009aa   0x080009aa   0x0000000e   Code   RO         3380    i.Float_HEX         senddata.o
    0x080009b8   0x080009b8   0x00000046   Code   RO         1308    i.HAL_DMA_Abort     stm32f1xx_hal_dma.o
    0x080009fe   0x080009fe   0x00000002   PAD
    0x08000a00   0x08000a00   0x00000098   Code   RO         1309    i.HAL_DMA_Abort_IT  stm32f1xx_hal_dma.o
    0x08000a98   0x08000a98   0x000001e0   Code   RO         1244    i.HAL_GPIO_Init     stm32f1xx_hal_gpio.o
    0x08000c78   0x08000c78   0x0000000a   Code   RO         1246    i.HAL_GPIO_ReadPin  stm32f1xx_hal_gpio.o
    0x08000c82   0x08000c82   0x0000000a   Code   RO         1248    i.HAL_GPIO_WritePin  stm32f1xx_hal_gpio.o
    0x08000c8c   0x08000c8c   0x0000000c   Code   RO          938    i.HAL_GetTick       stm32f1xx_hal.o
    0x08000c98   0x08000c98   0x00000188   Code   RO          501    i.HAL_I2C_Init      stm32f1xx_hal_i2c.o
    0x08000e20   0x08000e20   0x00000250   Code   RO          507    i.HAL_I2C_Master_Receive  stm32f1xx_hal_i2c.o
    0x08001070   0x08001070   0x0000012c   Code   RO          514    i.HAL_I2C_Master_Transmit  stm32f1xx_hal_i2c.o
    0x0800119c   0x0800119c   0x00000098   Code   RO          211    i.HAL_I2C_MspInit   i2c.o
    0x08001234   0x08001234   0x00000010   Code   RO          944    i.HAL_IncTick       stm32f1xx_hal.o
    0x08001244   0x08001244   0x00000024   Code   RO          945    i.HAL_Init          stm32f1xx_hal.o
    0x08001268   0x08001268   0x00000040   Code   RO          946    i.HAL_InitTick      stm32f1xx_hal.o
    0x080012a8   0x080012a8   0x0000003c   Code   RO          430    i.HAL_MspInit       stm32f1xx_hal_msp_1.o
    0x080012e4   0x080012e4   0x0000001a   Code   RO         1404    i.HAL_NVIC_EnableIRQ  stm32f1xx_hal_cortex.o
    0x080012fe   0x080012fe   0x00000002   PAD
    0x08001300   0x08001300   0x00000040   Code   RO         1410    i.HAL_NVIC_SetPriority  stm32f1xx_hal_cortex.o
    0x08001340   0x08001340   0x00000024   Code   RO         1411    i.HAL_NVIC_SetPriorityGrouping  stm32f1xx_hal_cortex.o
    0x08001364   0x08001364   0x0000012c   Code   RO         1102    i.HAL_RCC_ClockConfig  stm32f1xx_hal_rcc.o
    0x08001490   0x08001490   0x00000020   Code   RO         1109    i.HAL_RCC_GetPCLK1Freq  stm32f1xx_hal_rcc.o
    0x080014b0   0x080014b0   0x00000020   Code   RO         1110    i.HAL_RCC_GetPCLK2Freq  stm32f1xx_hal_rcc.o
    0x080014d0   0x080014d0   0x0000004c   Code   RO         1111    i.HAL_RCC_GetSysClockFreq  stm32f1xx_hal_rcc.o
    0x0800151c   0x0800151c   0x00000320   Code   RO         1114    i.HAL_RCC_OscConfig  stm32f1xx_hal_rcc.o
    0x0800183c   0x0800183c   0x00000028   Code   RO         1415    i.HAL_SYSTICK_Config  stm32f1xx_hal_cortex.o
    0x08001864   0x08001864   0x00000002   Code   RO         2610    i.HAL_TIMEx_BreakCallback  stm32f1xx_hal_tim_ex.o
    0x08001866   0x08001866   0x00000002   Code   RO         2611    i.HAL_TIMEx_CommutCallback  stm32f1xx_hal_tim_ex.o
    0x08001868   0x08001868   0x00000068   Code   RO         2629    i.HAL_TIMEx_MasterConfigSynchronization  stm32f1xx_hal_tim_ex.o
    0x080018d0   0x080018d0   0x0000005a   Code   RO         1906    i.HAL_TIM_Base_Init  stm32f1xx_hal_tim.o
    0x0800192a   0x0800192a   0x00000002   PAD
    0x0800192c   0x0800192c   0x00000038   Code   RO          259    i.HAL_TIM_Base_MspInit  tim.o
    0x08001964   0x08001964   0x000000dc   Code   RO         1915    i.HAL_TIM_ConfigClockSource  stm32f1xx_hal_tim.o
    0x08001a40   0x08001a40   0x00000002   Code   RO         1940    i.HAL_TIM_IC_CaptureCallback  stm32f1xx_hal_tim.o
    0x08001a42   0x08001a42   0x00000166   Code   RO         1954    i.HAL_TIM_IRQHandler  stm32f1xx_hal_tim.o
    0x08001ba8   0x08001ba8   0x00000002   Code   RO         1957    i.HAL_TIM_OC_DelayElapsedCallback  stm32f1xx_hal_tim.o
    0x08001baa   0x08001baa   0x00000002   Code   RO         1984    i.HAL_TIM_PWM_PulseFinishedCallback  stm32f1xx_hal_tim.o
    0x08001bac   0x08001bac   0x00000010   Code   RO         3381    i.HAL_TIM_PeriodElapsedCallback  senddata.o
    0x08001bbc   0x08001bbc   0x00000002   Code   RO         1997    i.HAL_TIM_TriggerCallback  stm32f1xx_hal_tim.o
    0x08001bbe   0x08001bbe   0x00000002   Code   RO         2889    i.HAL_UARTEx_RxEventCallback  stm32f1xx_hal_uart.o
    0x08001bc0   0x08001bc0   0x00000002   Code   RO         2903    i.HAL_UART_ErrorCallback  stm32f1xx_hal_uart.o
    0x08001bc2   0x08001bc2   0x00000002   PAD
    0x08001bc4   0x08001bc4   0x0000026c   Code   RO         2906    i.HAL_UART_IRQHandler  stm32f1xx_hal_uart.o
    0x08001e30   0x08001e30   0x00000064   Code   RO         2907    i.HAL_UART_Init     stm32f1xx_hal_uart.o
    0x08001e94   0x08001e94   0x00000080   Code   RO          301    i.HAL_UART_MspInit  usart.o
    0x08001f14   0x08001f14   0x00000002   Code   RO         2913    i.HAL_UART_RxCpltCallback  stm32f1xx_hal_uart.o
    0x08001f16   0x08001f16   0x0000009a   Code   RO         2915    i.HAL_UART_Transmit  stm32f1xx_hal_uart.o
    0x08001fb0   0x08001fb0   0x00000002   Code   RO         2918    i.HAL_UART_TxCpltCallback  stm32f1xx_hal_uart.o
    0x08001fb2   0x08001fb2   0x00000002   Code   RO          344    i.HardFault_Handler  stm32f1xx_it.o
    0x08001fb4   0x08001fb4   0x0000002e   Code   RO          544    i.I2C_IsAcknowledgeFailed  stm32f1xx_hal_i2c.o
    0x08001fe2   0x08001fe2   0x00000002   PAD
    0x08001fe4   0x08001fe4   0x000000ec   Code   RO          547    i.I2C_MasterRequestRead  stm32f1xx_hal_i2c.o
    0x080020d0   0x080020d0   0x0000009c   Code   RO          548    i.I2C_MasterRequestWrite  stm32f1xx_hal_i2c.o
    0x0800216c   0x0800216c   0x00000056   Code   RO          559    i.I2C_WaitOnBTFFlagUntilTimeout  stm32f1xx_hal_i2c.o
    0x080021c2   0x080021c2   0x00000002   PAD
    0x080021c4   0x080021c4   0x00000090   Code   RO          560    i.I2C_WaitOnFlagUntilTimeout  stm32f1xx_hal_i2c.o
    0x08002254   0x08002254   0x000000bc   Code   RO          561    i.I2C_WaitOnMasterAddressFlagUntilTimeout  stm32f1xx_hal_i2c.o
    0x08002310   0x08002310   0x00000070   Code   RO          562    i.I2C_WaitOnRXNEFlagUntilTimeout  stm32f1xx_hal_i2c.o
    0x08002380   0x08002380   0x00000056   Code   RO          563    i.I2C_WaitOnTXEFlagUntilTimeout  stm32f1xx_hal_i2c.o
    0x080023d6   0x080023d6   0x00000002   PAD
    0x080023d8   0x080023d8   0x00000078   Code   RO         3613    i.IIC_Read_Byte     up_1.o
    0x08002450   0x08002450   0x00000078   Code   RO         3675    i.IIC_Read_Byte1    down_1.o
    0x080024c8   0x080024c8   0x00000078   Code   RO         3739    i.IIC_Read_Byte2    pitch_1.o
    0x08002540   0x08002540   0x00000024   Code   RO         3614    i.IIC_SDA_Mode_IN   up_1.o
    0x08002564   0x08002564   0x00000024   Code   RO         3676    i.IIC_SDA_Mode_IN1  down_1.o
    0x08002588   0x08002588   0x00000024   Code   RO         3740    i.IIC_SDA_Mode_IN2  pitch_1.o
    0x080025ac   0x080025ac   0x00000020   Code   RO         3615    i.IIC_SDA_Mode_OUT  up_1.o
    0x080025cc   0x080025cc   0x00000024   Code   RO         3677    i.IIC_SDA_Mode_OUT1  down_1.o
    0x080025f0   0x080025f0   0x00000024   Code   RO         3741    i.IIC_SDA_Mode_OUT2  pitch_1.o
    0x08002614   0x08002614   0x00000078   Code   RO         3616    i.IIC_Send_Byte     up_1.o
    0x0800268c   0x0800268c   0x00000084   Code   RO         3678    i.IIC_Send_Byte1    down_1.o
    0x08002710   0x08002710   0x00000084   Code   RO         3742    i.IIC_Send_Byte2    pitch_1.o
    0x08002794   0x08002794   0x0000004c   Code   RO         3617    i.IIC_Start         up_1.o
    0x080027e0   0x080027e0   0x00000050   Code   RO         3679    i.IIC_Start1        down_1.o
    0x08002830   0x08002830   0x00000050   Code   RO         3743    i.IIC_Start2        pitch_1.o
    0x08002880   0x08002880   0x00000050   Code   RO         3744    i.IIC_Stop2         pitch_1.o
    0x080028d0   0x080028d0   0x00000040   Code   RO         3618    i.IIC_Wait_Ack      up_1.o
    0x08002910   0x08002910   0x00000044   Code   RO         3680    i.IIC_Wait_Ack1     down_1.o
    0x08002954   0x08002954   0x00000044   Code   RO         3745    i.IIC_Wait_Ack2     pitch_1.o
    0x08002998   0x08002998   0x000000d0   Code   RO          186    i.MX_GPIO_Init      gpio.o
    0x08002a68   0x08002a68   0x00000040   Code   RO          212    i.MX_I2C1_Init      i2c.o
    0x08002aa8   0x08002aa8   0x00000040   Code   RO          213    i.MX_I2C2_Init      i2c.o
    0x08002ae8   0x08002ae8   0x00000068   Code   RO          260    i.MX_TIM2_Init      tim.o
    0x08002b50   0x08002b50   0x00000038   Code   RO          302    i.MX_USART1_UART_Init  usart.o
    0x08002b88   0x08002b88   0x00000002   Code   RO          345    i.MemManage_Handler  stm32f1xx_it.o
    0x08002b8a   0x08002b8a   0x00000002   Code   RO          346    i.NMI_Handler       stm32f1xx_it.o
    0x08002b8c   0x08002b8c   0x00000002   Code   RO          347    i.PendSV_Handler    stm32f1xx_it.o
    0x08002b8e   0x08002b8e   0x00000002   Code   RO          348    i.SVC_Handler       stm32f1xx_it.o
    0x08002b90   0x08002b90   0x00000090   Code   RO         3382    i.SendDataTask      senddata.o
    0x08002c20   0x08002c20   0x00000004   Code   RO          349    i.SysTick_Handler   stm32f1xx_it.o
    0x08002c24   0x08002c24   0x0000005e   Code   RO           14    i.SystemClock_Config  main.o
    0x08002c82   0x08002c82   0x00000002   Code   RO         3241    i.SystemInit        system_stm32f1xx.o
    0x08002c84   0x08002c84   0x0000000c   Code   RO          350    i.TIM2_IRQHandler   stm32f1xx_it.o
    0x08002c90   0x08002c90   0x0000006c   Code   RO         1999    i.TIM_Base_SetConfig  stm32f1xx_hal_tim.o
    0x08002cfc   0x08002cfc   0x00000014   Code   RO         2010    i.TIM_ETR_SetConfig  stm32f1xx_hal_tim.o
    0x08002d10   0x08002d10   0x00000010   Code   RO         2011    i.TIM_ITRx_SetConfig  stm32f1xx_hal_tim.o
    0x08002d20   0x08002d20   0x00000022   Code   RO         2017    i.TIM_TI1_ConfigInputStage  stm32f1xx_hal_tim.o
    0x08002d42   0x08002d42   0x00000024   Code   RO         2019    i.TIM_TI2_ConfigInputStage  stm32f1xx_hal_tim.o
    0x08002d66   0x08002d66   0x00000010   Code   RO         2920    i.UART_DMAAbortOnError  stm32f1xx_hal_uart.o
    0x08002d76   0x08002d76   0x0000004e   Code   RO         2930    i.UART_EndRxTransfer  stm32f1xx_hal_uart.o
    0x08002dc4   0x08002dc4   0x000000c2   Code   RO         2932    i.UART_Receive_IT   stm32f1xx_hal_uart.o
    0x08002e86   0x08002e86   0x00000002   PAD
    0x08002e88   0x08002e88   0x000000b8   Code   RO         2933    i.UART_SetConfig    stm32f1xx_hal_uart.o
    0x08002f40   0x08002f40   0x00000078   Code   RO         2936    i.UART_WaitOnFlagUntilTimeout  stm32f1xx_hal_uart.o
    0x08002fb8   0x08002fb8   0x0000000c   Code   RO          351    i.USART1_IRQHandler  stm32f1xx_it.o
    0x08002fc4   0x08002fc4   0x00000002   Code   RO          352    i.UsageFault_Handler  stm32f1xx_it.o
    0x08002fc6   0x08002fc6   0x00000020   Code   RO         1417    i.__NVIC_SetPriority  stm32f1xx_hal_cortex.o
    0x08002fe6   0x08002fe6   0x0000000e   Code   RO         3883    i.__scatterload_copy  mc_w.l(handlers.o)
    0x08002ff4   0x08002ff4   0x00000002   Code   RO         3884    i.__scatterload_null  mc_w.l(handlers.o)
    0x08002ff6   0x08002ff6   0x0000000e   Code   RO         3885    i.__scatterload_zeroinit  mc_w.l(handlers.o)
    0x08003004   0x08003004   0x00000028   Code   RO         3319    i.append_CRC16_check_sum  crc8_crc16.o
    0x0800302c   0x0800302c   0x0000001c   Code   RO         3320    i.append_CRC8_check_sum  crc8_crc16.o
    0x08003048   0x08003048   0x00000074   Code   RO         3278    i.bsp_as5600GetAngle  bsp_as5600.o
    0x080030bc   0x080030bc   0x00000050   Code   RO         3279    i.bsp_as5600GetRawAngle  bsp_as5600.o
    0x0800310c   0x0800310c   0x00000074   Code   RO         3440    i.bsp_as5601GetAngle  bsp_as5601.o
    0x08003180   0x08003180   0x00000050   Code   RO         3441    i.bsp_as5601GetRawAngle  bsp_as5601.o
    0x080031d0   0x080031d0   0x0000008c   Code   RO         3681    i.bsp_as5666GetAngle_down  down_1.o
    0x0800325c   0x0800325c   0x00000080   Code   RO         3746    i.bsp_as5666GetAngle_pitch  pitch_1.o
    0x080032dc   0x080032dc   0x0000008c   Code   RO         3619    i.bsp_as5666GetAngle_up  up_1.o
    0x08003368   0x08003368   0x00000018   Code   RO         3383    i.customDelay       senddata.o
    0x08003380   0x08003380   0x00000034   Code   RO         3528    i.delay_us          delay.o
    0x080033b4   0x080033b4   0x00000044   Code   RO         3280    i.distance          bsp_as5600.o
    0x080033f8   0x080033f8   0x00000044   Code   RO         3442    i.distance2         bsp_as5601.o
    0x0800343c   0x0800343c   0x0000002c   Code   RO         3321    i.get_CRC16_check_sum  crc8_crc16.o
    0x08003468   0x08003468   0x0000001c   Code   RO         3322    i.get_CRC8_check_sum  crc8_crc16.o
    0x08003484   0x08003484   0x00000034   Code   RO         3568    i.init_angle_yaw_roll  yaw_roll.o
    0x080034b8   0x080034b8   0x00000022   Code   RO           16    i.main              main.o
    0x080034da   0x080034da   0x00000002   PAD
    0x080034dc   0x080034dc   0x0000004c   Code   RO         3747    i.pitch_angle       pitch_1.o
    0x08003528   0x08003528   0x00000060   Code   RO         3569    i.roll_angle        yaw_roll.o
    0x08003588   0x08003588   0x00000064   Code   RO         3570    i.yaw_angle         yaw_roll.o
    0x080035ec   0x080035ec   0x00000012   Data   RO         1115    .constdata          stm32f1xx_hal_rcc.o
    0x080035fe   0x080035fe   0x00000010   Data   RO         3242    .constdata          system_stm32f1xx.o
    0x0800360e   0x0800360e   0x00000008   Data   RO         3243    .constdata          system_stm32f1xx.o
    0x08003616   0x08003616   0x00000300   Data   RO         3326    .constdata          crc8_crc16.o
    0x08003916   0x08003916   0x00000002   PAD
    0x08003918   0x08003918   0x00000020   Data   RO         3881    Region$$Table       anon$$obj.o


    Execution Region RW_IRAM1 (Exec base: 0x20000000, Load base: 0x08003938, Size: 0x000005f8, Max: 0x00005000, ABSOLUTE)

    Exec Addr    Load Addr    Size         Type   Attr      Idx    E Section Name        Object

    0x20000000   0x08003938   0x0000000c   Data   RW          952    .data               stm32f1xx_hal.o
    0x2000000c   0x08003944   0x00000004   Data   RW         3244    .data               system_stm32f1xx.o
    0x20000010   0x08003948   0x00000018   Data   RW         3281    .data               bsp_as5600.o
    0x20000028   0x08003960   0x00000002   Data   RW         3327    .data               crc8_crc16.o
    0x2000002a   0x08003962   0x00000001   Data   RW         3384    .data               senddata.o
    0x2000002b   0x08003963   0x00000001   PAD
    0x2000002c   0x08003964   0x00000018   Data   RW         3443    .data               bsp_as5601.o
    0x20000044   0x0800397c   0x00000004   Data   RW         3529    .data               delay.o
    0x20000048   0x08003980   0x0000001c   Data   RW         3571    .data               yaw_roll.o
    0x20000064   0x0800399c   0x00000008   Data   RW         3621    .data               up_1.o
    0x2000006c   0x080039a4   0x00000008   Data   RW         3683    .data               down_1.o
    0x20000074   0x080039ac   0x00000018   Data   RW         3749    .data               pitch_1.o
    0x2000008c        -       0x000000a8   Zero   RW          214    .bss                i2c.o
    0x20000134        -       0x00000048   Zero   RW          261    .bss                tim.o
    0x2000017c        -       0x00000048   Zero   RW          303    .bss                usart.o
    0x200001c4        -       0x00000010   Zero   RW         3620    .bss                up_1.o
    0x200001d4        -       0x00000010   Zero   RW         3682    .bss                down_1.o
    0x200001e4        -       0x00000010   Zero   RW         3748    .bss                pitch_1.o
    0x200001f4   0x080039c4   0x00000004   PAD
    0x200001f8        -       0x00000400   Zero   RW            1    STACK               startup_stm32f103xb.o


==============================================================================

Image component sizes


      Code (inc. data)   RO Data    RW Data    ZI Data      Debug   Object Name

       264         36          0         24          0       2772   bsp_as5600.o
       264         36          0         24          0       2773   bsp_as5601.o
       140         14        768          2          0       3199   crc8_crc16.o
        52          4          0          4          0        776   delay.o
       744         58          0          8         16       5174   down_1.o
       208         16          0          0          0        931   gpio.o
       280         46          0          0        168       2158   i2c.o
       132          0          0          0          0     435296   main.o
       834         74          0         24         16       6766   pitch_1.o
       198         14          0          1          0       3131   senddata.o
        36          8        236          0       1024        776   startup_stm32f103xb.o
       128         24          0         12          0       5129   stm32f1xx_hal.o
       198         14          0          0          0      28791   stm32f1xx_hal_cortex.o
       222          4          0          0          0       1699   stm32f1xx_hal_dma.o
       500         34          0          0          0       3423   stm32f1xx_hal_gpio.o
      2338         54          0          0          0      12290   stm32f1xx_hal_i2c.o
        60          8          0          0          0        822   stm32f1xx_hal_msp_1.o
      1240         84         18          0          0       4968   stm32f1xx_hal_rcc.o
       890         14          0          0          0       8773   stm32f1xx_hal_tim.o
       108         12          0          0          0       2305   stm32f1xx_hal_tim_ex.o
      1474         10          0          0          0       9712   stm32f1xx_hal_uart.o
        44         12          0          0          0       4468   stm32f1xx_it.o
         2          0         24          4          0       1047   system_stm32f1xx.o
       160         12          0          0         72       1566   tim.o
       708         56          0          8         16       5060   up_1.o
       184         20          0          0         72       1590   usart.o
       248         38          0         28          0       1655   yaw_roll.o

    ----------------------------------------------------------------------
     11674        702       1080        140       1388     557050   Object Totals
         0          0         32          0          0          0   (incl. Generated)
        18          0          2          1          4          0   (incl. Padding)

    ----------------------------------------------------------------------

      Code (inc. data)   RO Data    RW Data    ZI Data      Debug   Library Member Name

         0          0          0          0          0          0   entry.o
         0          0          0          0          0          0   entry10a.o
         0          0          0          0          0          0   entry11a.o
         8          4          0          0          0          0   entry2.o
         4          0          0          0          0          0   entry5.o
         0          0          0          0          0          0   entry7b.o
         0          0          0          0          0          0   entry8b.o
         8          4          0          0          0          0   entry9a.o
        30          0          0          0          0          0   handlers.o
        36          8          0          0          0         68   init.o
         0          0          0          0          0          0   iusefp.o
        30          0          0          0          0         68   llshl.o
        36          0          0          0          0         68   llsshr.o
        32          0          0          0          0         68   llushr.o
        36          0          0          0          0        108   memseta.o
        56          0          0          0          0         88   d2f.o
       334          0          0          0          0        148   dadd.o
       222          0          0          0          0        100   ddiv.o
       186          0          0          0          0        176   depilogue.o
       228          0          0          0          0         96   dmul.o
        46          0          0          0          0         80   dscalb.o
        38          0          0          0          0         68   f2d.o
       176          0          0          0          0        140   fadd.o
       124          0          0          0          0         88   fdiv.o
       110          0          0          0          0        168   fepilogue.o
        18          0          0          0          0         68   fflti.o
        10          0          0          0          0         68   ffltui.o
       100          0          0          0          0         76   fmul.o
        24          0          0          0          0         68   fscalb.o

    ----------------------------------------------------------------------
      1894         16          0          0          0       1812   Library Totals
         2          0          0          0          0          0   (incl. Padding)

    ----------------------------------------------------------------------

      Code (inc. data)   RO Data    RW Data    ZI Data      Debug   Library Name

       220         16          0          0          0        380   mc_w.l
      1672          0          0          0          0       1432   mf_w.l

    ----------------------------------------------------------------------
      1894         16          0          0          0       1812   Library Totals

    ----------------------------------------------------------------------

==============================================================================


      Code (inc. data)   RO Data    RW Data    ZI Data      Debug   

     13568        718       1080        140       1388     551734   Grand Totals
     13568        718       1080        140       1388     551734   ELF Image Totals
     13568        718       1080        140          0          0   ROM Totals

==============================================================================

    Total RO  Size (Code + RO Data)                14648 (  14.30kB)
    Total RW  Size (RW Data + ZI Data)              1528 (   1.49kB)
    Total ROM Size (Code + RO Data + RW Data)      14788 (  14.44kB)

==============================================================================

